Archive member included to satisfy reference by file (symbol)

c:/st/stm32cubeide_1.8.0/stm32cubeide/plugins/com.st.stm32cube.ide.mcu.externaltools.gnu-tools-for-stm32.10.3-2021.10.win32_1.0.0.202111181127/tools/bin/../lib/gcc/arm-none-eabi/10.3.1/../../../../arm-none-eabi/lib/thumb/v7-m/nofp\libc_nano.a(lib_a-errno.o)
                              ./Core/Src/syscalls.o (__errno)
c:/st/stm32cubeide_1.8.0/stm32cubeide/plugins/com.st.stm32cube.ide.mcu.externaltools.gnu-tools-for-stm32.10.3-2021.10.win32_1.0.0.202111181127/tools/bin/../lib/gcc/arm-none-eabi/10.3.1/../../../../arm-none-eabi/lib/thumb/v7-m/nofp\libc_nano.a(lib_a-exit.o)
                              c:/st/stm32cubeide_1.8.0/stm32cubeide/plugins/com.st.stm32cube.ide.mcu.externaltools.gnu-tools-for-stm32.10.3-2021.10.win32_1.0.0.202111181127/tools/bin/../lib/gcc/arm-none-eabi/10.3.1/../../../../arm-none-eabi/lib/thumb/v7-m/nofp/crt0.o (exit)
c:/st/stm32cubeide_1.8.0/stm32cubeide/plugins/com.st.stm32cube.ide.mcu.externaltools.gnu-tools-for-stm32.10.3-2021.10.win32_1.0.0.202111181127/tools/bin/../lib/gcc/arm-none-eabi/10.3.1/../../../../arm-none-eabi/lib/thumb/v7-m/nofp\libc_nano.a(lib_a-impure.o)
                              c:/st/stm32cubeide_1.8.0/stm32cubeide/plugins/com.st.stm32cube.ide.mcu.externaltools.gnu-tools-for-stm32.10.3-2021.10.win32_1.0.0.202111181127/tools/bin/../lib/gcc/arm-none-eabi/10.3.1/../../../../arm-none-eabi/lib/thumb/v7-m/nofp\libc_nano.a(lib_a-exit.o) (_global_impure_ptr)
c:/st/stm32cubeide_1.8.0/stm32cubeide/plugins/com.st.stm32cube.ide.mcu.externaltools.gnu-tools-for-stm32.10.3-2021.10.win32_1.0.0.202111181127/tools/bin/../lib/gcc/arm-none-eabi/10.3.1/../../../../arm-none-eabi/lib/thumb/v7-m/nofp\libc_nano.a(lib_a-init.o)
                              c:/st/stm32cubeide_1.8.0/stm32cubeide/plugins/com.st.stm32cube.ide.mcu.externaltools.gnu-tools-for-stm32.10.3-2021.10.win32_1.0.0.202111181127/tools/bin/../lib/gcc/arm-none-eabi/10.3.1/../../../../arm-none-eabi/lib/thumb/v7-m/nofp/crt0.o (__libc_init_array)
c:/st/stm32cubeide_1.8.0/stm32cubeide/plugins/com.st.stm32cube.ide.mcu.externaltools.gnu-tools-for-stm32.10.3-2021.10.win32_1.0.0.202111181127/tools/bin/../lib/gcc/arm-none-eabi/10.3.1/../../../../arm-none-eabi/lib/thumb/v7-m/nofp\libc_nano.a(lib_a-memset.o)
                              c:/st/stm32cubeide_1.8.0/stm32cubeide/plugins/com.st.stm32cube.ide.mcu.externaltools.gnu-tools-for-stm32.10.3-2021.10.win32_1.0.0.202111181127/tools/bin/../lib/gcc/arm-none-eabi/10.3.1/../../../../arm-none-eabi/lib/thumb/v7-m/nofp/crt0.o (memset)
c:/st/stm32cubeide_1.8.0/stm32cubeide/plugins/com.st.stm32cube.ide.mcu.externaltools.gnu-tools-for-stm32.10.3-2021.10.win32_1.0.0.202111181127/tools/bin/../lib/gcc/arm-none-eabi/10.3.1/../../../../arm-none-eabi/lib/thumb/v7-m/nofp\libc_nano.a(lib_a-strcmp.o)
                              ./Core/Src/main.o (strcmp)
c:/st/stm32cubeide_1.8.0/stm32cubeide/plugins/com.st.stm32cube.ide.mcu.externaltools.gnu-tools-for-stm32.10.3-2021.10.win32_1.0.0.202111181127/tools/bin/../lib/gcc/arm-none-eabi/10.3.1/../../../../arm-none-eabi/lib/thumb/v7-m/nofp\libc_nano.a(lib_a-strlen.o)
                              ./Core/Src/main.o (strlen)
c:/st/stm32cubeide_1.8.0/stm32cubeide/plugins/com.st.stm32cube.ide.mcu.externaltools.gnu-tools-for-stm32.10.3-2021.10.win32_1.0.0.202111181127/tools/bin/../lib/gcc/arm-none-eabi/10.3.1/../../../../arm-none-eabi/lib/thumb/v7-m/nofp\libm.a(lib_a-s_floor.o)
                              ./Core/Src/pca9685.o (floor)
c:/st/stm32cubeide_1.8.0/stm32cubeide/plugins/com.st.stm32cube.ide.mcu.externaltools.gnu-tools-for-stm32.10.3-2021.10.win32_1.0.0.202111181127/tools/bin/../lib/gcc/arm-none-eabi/10.3.1/thumb/v7-m/nofp\libgcc.a(_arm_muldf3.o)
                              ./Core/Src/pca9685.o (__aeabi_dmul)
c:/st/stm32cubeide_1.8.0/stm32cubeide/plugins/com.st.stm32cube.ide.mcu.externaltools.gnu-tools-for-stm32.10.3-2021.10.win32_1.0.0.202111181127/tools/bin/../lib/gcc/arm-none-eabi/10.3.1/thumb/v7-m/nofp\libgcc.a(_arm_addsubdf3.o)
                              ./Core/Src/pca9685.o (__aeabi_dsub)
c:/st/stm32cubeide_1.8.0/stm32cubeide/plugins/com.st.stm32cube.ide.mcu.externaltools.gnu-tools-for-stm32.10.3-2021.10.win32_1.0.0.202111181127/tools/bin/../lib/gcc/arm-none-eabi/10.3.1/thumb/v7-m/nofp\libgcc.a(_arm_muldivdf3.o)
                              ./Core/Src/pca9685.o (__aeabi_ddiv)
c:/st/stm32cubeide_1.8.0/stm32cubeide/plugins/com.st.stm32cube.ide.mcu.externaltools.gnu-tools-for-stm32.10.3-2021.10.win32_1.0.0.202111181127/tools/bin/../lib/gcc/arm-none-eabi/10.3.1/thumb/v7-m/nofp\libgcc.a(_arm_cmpdf2.o)
                              c:/st/stm32cubeide_1.8.0/stm32cubeide/plugins/com.st.stm32cube.ide.mcu.externaltools.gnu-tools-for-stm32.10.3-2021.10.win32_1.0.0.202111181127/tools/bin/../lib/gcc/arm-none-eabi/10.3.1/../../../../arm-none-eabi/lib/thumb/v7-m/nofp\libm.a(lib_a-s_floor.o) (__aeabi_dcmpgt)
[...]
Memory Configuration

Name             Origin             Length             Attributes
RAM              0x0000000020000000 0x000000000000c000 xrw
FLASH            0x0000000008000000 0x0000000000040000 xr
*default*        0x0000000000000000 0xffffffffffffffff

Linker script and memory map

LOAD c:/st/stm32cubeide_1.8.0/stm32cubeide/plugins/com.st.stm32cube.ide.mcu.externaltools.gnu-tools-for-stm32.10.3-2021.10.win32_1.0.0.202111181127/tools/bin/../lib/gcc/arm-none-eabi/10.3.1/thumb/v7-m/nofp/crti.o
LOAD c:/st/stm32cubeide_1.8.0/stm32cubeide/plugins/com.st.stm32cube.ide.mcu.externaltools.gnu-tools-for-stm32.10.3-2021.10.win32_1.0.0.202111181127/tools/bin/../lib/gcc/arm-none-eabi/10.3.1/thumb/v7-m/nofp/crtbegin.o
LOAD c:/st/stm32cubeide_1.8.0/stm32cubeide/plugins/com.st.stm32cube.ide.mcu.externaltools.gnu-tools-for-stm32.10.3-2021.10.win32_1.0.0.202111181127/tools/bin/../lib/gcc/arm-none-eabi/10.3.1/../../../../arm-none-eabi/lib/thumb/v7-m/nofp/crt0.o
LOAD ./Core/Src/main.o
LOAD ./Core/Src/pca9685.o
LOAD ./Core/Src/stm32f1xx_hal_msp.o
LOAD ./Core/Src/stm32f1xx_it.o
LOAD ./Core/Src/syscalls.o
LOAD ./Core/Src/sysmem.o
LOAD ./Core/Src/system_stm32f1xx.o
LOAD ./Core/Startup/startup_stm32f103rctx.o
LOAD ./Drivers/STM32F1xx_HAL_Driver/Src/stm32f1xx_hal.o
LOAD ./Drivers/STM32F1xx_HAL_Driver/Src/stm32f1xx_hal_cortex.o
LOAD ./Drivers/STM32F1xx_HAL_Driver/Src/stm32f1xx_hal_dma.o
LOAD ./Drivers/STM32F1xx_HAL_Driver/Src/stm32f1xx_hal_exti.o
LOAD ./Drivers/STM32F1xx_HAL_Driver/Src/stm32f1xx_hal_flash.o
LOAD ./Drivers/STM32F1xx_HAL_Driver/Src/stm32f1xx_hal_flash_ex.o
LOAD ./Drivers/STM32F1xx_HAL_Driver/Src/stm32f1xx_hal_gpio.o
LOAD ./Drivers/STM32F1xx_HAL_Driver/Src/stm32f1xx_hal_gpio_ex.o
LOAD ./Drivers/STM32F1xx_HAL_Driver/Src/stm32f1xx_hal_i2c.o
LOAD ./Drivers/STM32F1xx_HAL_Driver/Src/stm32f1xx_hal_pcd.o
LOAD ./Drivers/STM32F1xx_HAL_Driver/Src/stm32f1xx_hal_pcd_ex.o
LOAD ./Drivers/STM32F1xx_HAL_Driver/Src/stm32f1xx_hal_pwr.o
LOAD ./Drivers/STM32F1xx_HAL_Driver/Src/stm32f1xx_hal_rcc.o
LOAD ./Drivers/STM32F1xx_HAL_Driver/Src/stm32f1xx_hal_rcc_ex.o
LOAD ./Drivers/STM32F1xx_HAL_Driver/Src/stm32f1xx_hal_spi.o
LOAD ./Drivers/STM32F1xx_HAL_Driver/Src/stm32f1xx_hal_tim.o
LOAD ./Drivers/STM32F1xx_HAL_Driver/Src/stm32f1xx_hal_tim_ex.o
LOAD ./Drivers/STM32F1xx_HAL_Driver/Src/stm32f1xx_ll_usb.o
LOAD ./Middlewares/ST/STM32_USB_Device_Library/Class/CDC/Src/usbd_cdc.o
LOAD ./Middlewares/ST/STM32_USB_Device_Library/Core/Src/usbd_core.o
LOAD ./Middlewares/ST/STM32_USB_Device_Library/Core/Src/usbd_ctlreq.o
LOAD ./Middlewares/ST/STM32_USB_Device_Library/Core/Src/usbd_ioreq.o
LOAD ./USB_DEVICE/App/usb_device.o
LOAD ./USB_DEVICE/App/usbd_cdc_if.o
LOAD ./USB_DEVICE/App/usbd_desc.o
LOAD ./USB_DEVICE/Target/usbd_conf.o
START GROUP
LOAD c:/st/stm32cubeide_1.8.0/stm32cubeide/plugins/com.st.stm32cube.ide.mcu.externaltools.gnu-tools-for-stm32.10.3-2021.10.win32_1.0.0.202111181127/tools/bin/../lib/gcc/arm-none-eabi/10.3.1/../../../../arm-none-eabi/lib/thumb/v7-m/nofp\libc_nano.a
LOAD c:/st/stm32cubeide_1.8.0/stm32cubeide/plugins/com.st.stm32cube.ide.mcu.externaltools.gnu-tools-for-stm32.10.3-2021.10.win32_1.0.0.202111181127/tools/bin/../lib/gcc/arm-none-eabi/10.3.1/../../../../arm-none-eabi/lib/thumb/v7-m/nofp\libm.a
END GROUP
START GROUP
LOAD c:/st/stm32cubeide_1.8.0/stm32cubeide/plugins/com.st.stm32cube.ide.mcu.externaltools.gnu-tools-for-stm32.10.3-2021.10.win32_1.0.0.202111181127/tools/bin/../lib/gcc/arm-none-eabi/10.3.1/thumb/v7-m/nofp\libgcc.a
LOAD c:/st/stm32cubeide_1.8.0/stm32cubeide/plugins/com.st.stm32cube.ide.mcu.externaltools.gnu-tools-for-stm32.10.3-2021.10.win32_1.0.0.202111181127/tools/bin/../lib/gcc/arm-none-eabi/10.3.1/../../../../arm-none-eabi/lib/thumb/v7-m/nofp\libc_nano.a
END GROUP
START GROUP
LOAD c:/st/stm32cubeide_1.8.0/stm32cubeide/plugins/com.st.stm32cube.ide.mcu.externaltools.gnu-tools-for-stm32.10.3-2021.10.win32_1.0.0.202111181127/tools/bin/../lib/gcc/arm-none-eabi/10.3.1/thumb/v7-m/nofp\libgcc.a
LOAD c:/st/stm32cubeide_1.8.0/stm32cubeide/plugins/com.st.stm32cube.ide.mcu.externaltools.gnu-tools-for-stm32.10.3-2021.10.win32_1.0.0.202111181127/tools/bin/../lib/gcc/arm-none-eabi/10.3.1/../../../../arm-none-eabi/lib/thumb/v7-m/nofp\libc_nano.a
LOAD c:/st/stm32cubeide_1.8.0/stm32cubeide/plugins/com.st.stm32cube.ide.mcu.externaltools.gnu-tools-for-stm32.10.3-2021.10.win32_1.0.0.202111181127/tools/bin/../lib/gcc/arm-none-eabi/10.3.1/../../../../arm-none-eabi/lib/thumb/v7-m/nofp\libnosys.a
END GROUP
START GROUP
LOAD c:/st/stm32cubeide_1.8.0/stm32cubeide/plugins/com.st.stm32cube.ide.mcu.externaltools.gnu-tools-for-stm32.10.3-2021.10.win32_1.0.0.202111181127/tools/bin/../lib/gcc/arm-none-eabi/10.3.1/thumb/v7-m/nofp\libgcc.a
LOAD c:/st/stm32cubeide_1.8.0/stm32cubeide/plugins/com.st.stm32cube.ide.mcu.externaltools.gnu-tools-for-stm32.10.3-2021.10.win32_1.0.0.202111181127/tools/bin/../lib/gcc/arm-none-eabi/10.3.1/../../../../arm-none-eabi/lib/thumb/v7-m/nofp\libc_nano.a
LOAD c:/st/stm32cubeide_1.8.0/stm32cubeide/plugins/com.st.stm32cube.ide.mcu.externaltools.gnu-tools-for-stm32.10.3-2021.10.win32_1.0.0.202111181127/tools/bin/../lib/gcc/arm-none-eabi/10.3.1/../../../../arm-none-eabi/lib/thumb/v7-m/nofp\libnosys.a
END GROUP
LOAD c:/st/stm32cubeide_1.8.0/stm32cubeide/plugins/com.st.stm32cube.ide.mcu.externaltools.gnu-tools-for-stm32.10.3-2021.10.win32_1.0.0.202111181127/tools/bin/../lib/gcc/arm-none-eabi/10.3.1/thumb/v7-m/nofp/crtend.o
LOAD c:/st/stm32cubeide_1.8.0/stm32cubeide/plugins/com.st.stm32cube.ide.mcu.externaltools.gnu-tools-for-stm32.10.3-2021.10.win32_1.0.0.202111181127/tools/bin/../lib/gcc/arm-none-eabi/10.3.1/thumb/v7-m/nofp/crtn.o
                0x000000002000c000                _estack = (ORIGIN (RAM) + LENGTH (RAM))
                0x0000000000000200                _Min_Heap_Size = 0x200
                0x0000000000000400                _Min_Stack_Size = 0x400

.isr_vector     0x0000000008000000      0x1e4
                0x0000000008000000                . = ALIGN (0x4)
 *(.isr_vector)
 .isr_vector    0x0000000008000000      0x1e4 ./Core/Startup/startup_stm32f103rctx.o
                0x0000000008000000                g_pfnVectors
                0x00000000080001e4                . = ALIGN (0x4)

.text           0x00000000080001e8     0xa9f8
                0x00000000080001e8                . = ALIGN (0x4)
 *(.text)
 .text          0x00000000080001e8       0x40 c:/st/stm32cubeide_1.8.0/stm32cubeide/plugins/com.st.stm32cube.ide.mcu.externaltools.gnu-tools-for-stm32.10.3-2021.10.win32_1.0.0.202111181127/tools/bin/../lib/gcc/arm-none-eabi/10.3.1/thumb/v7-m/nofp/crtbegin.o
 .text          0x0000000008000228       0x14 c:/st/stm32cubeide_1.8.0/stm32cubeide/plugins/com.st.stm32cube.ide.mcu.externaltools.gnu-tools-for-stm32.10.3-2021.10.win32_1.0.0.202111181127/tools/bin/../lib/gcc/arm-none-eabi/10.3.1/../../../../arm-none-eabi/lib/thumb/v7-m/nofp\libc_nano.a(lib_a-strcmp.o)
                0x0000000008000228                strcmp
 .text          0x000000000800023c       0x10 c:/st/stm32cubeide_1.8.0/stm32cubeide/plugins/com.st.stm32cube.ide.mcu.externaltools.gnu-tools-for-stm32.10.3-2021.10.win32_1.0.0.202111181127/tools/bin/../lib/gcc/arm-none-eabi/10.3.1/../../../../arm-none-eabi/lib/thumb/v7-m/nofp\libc_nano.a(lib_a-strlen.o)
                0x000000000800023c                strlen
 .text          0x000000000800024c      0x378 c:/st/stm32cubeide_1.8.0/stm32cubeide/plugins/com.st.stm32cube.ide.mcu.externaltools.gnu-tools-for-stm32.10.3-2021.10.win32_1.0.0.202111181127/tools/bin/../lib/gcc/arm-none-eabi/10.3.1/thumb/v7-m/nofp\libgcc.a(_arm_addsubdf3.o)
                0x000000000800024c                __aeabi_drsub
                0x0000000008000254                __aeabi_dsub
                0x0000000008000254                __subdf3
                0x0000000008000258                __aeabi_dadd
                0x0000000008000258                __adddf3
                0x00000000080004d0                __floatunsidf
                0x00000000080004d0                __aeabi_ui2d
                0x00000000080004f0                __floatsidf
                0x00000000080004f0                __aeabi_i2d
                0x0000000008000514                __aeabi_f2d
                0x0000000008000514                __extendsfdf2
                0x0000000008000558                __floatundidf
                0x0000000008000558                __aeabi_ul2d
                0x0000000008000568                __floatdidf
                0x0000000008000568                __aeabi_l2d
 .text          0x00000000080005c4      0x424 c:/st/stm32cubeide_1.8.0/stm32cubeide/plugins/com.st.stm32cube.ide.mcu.externaltools.gnu-tools-for-stm32.10.3-2021.10.win32_1.0.0.202111181127/tools/bin/../lib/gcc/arm-none-eabi/10.3.1/thumb/v7-m/nofp\libgcc.a(_arm_muldivdf3.o)
                0x00000000080005c4                __aeabi_dmul
                0x00000000080005c4                __muldf3
                0x0000000008000818                __divdf3
                0x0000000008000818                __aeabi_ddiv
 .text          0x00000000080009e8      0x110 c:/st/stm32cubeide_1.8.0/stm32cubeide/plugins/com.st.stm32cube.ide.mcu.externaltools.gnu-tools-for-stm32.10.3-2021.10.win32_1.0.0.202111181127/tools/bin/../lib/gcc/arm-none-eabi/10.3.1/thumb/v7-m/nofp\libgcc.a(_arm_cmpdf2.o)
                0x00000000080009e8                __gtdf2
                0x00000000080009e8                __gedf2
                0x00000000080009f0                __ltdf2
                0x00000000080009f0                __ledf2
                0x00000000080009f8                __nedf2
                0x00000000080009f8                __eqdf2
                0x00000000080009f8                __cmpdf2
                0x0000000008000a74                __aeabi_cdrcmple
                0x0000000008000a84                __aeabi_cdcmpeq
                0x0000000008000a84                __aeabi_cdcmple
                0x0000000008000a94                __aeabi_dcmpeq
                0x0000000008000aa8                __aeabi_dcmplt
                0x0000000008000abc                __aeabi_dcmple
                0x0000000008000ad0                __aeabi_dcmpge
                0x0000000008000ae4                __aeabi_dcmpgt
 .text          0x0000000008000af8       0x40 c:/st/stm32cubeide_1.8.0/stm32cubeide/plugins/com.st.stm32cube.ide.mcu.externaltools.gnu-tools-for-stm32.10.3-2021.10.win32_1.0.0.202111181127/tools/bin/../lib/gcc/arm-none-eabi/10.3.1/thumb/v7-m/nofp\libgcc.a(_arm_fixunsdfsi.o)
                0x0000000008000af8                __aeabi_d2uiz
                0x0000000008000af8                __fixunsdfsi
 .text          0x0000000008000b38       0xa0 c:/st/stm32cubeide_1.8.0/stm32cubeide/plugins/com.st.stm32cube.ide.mcu.externaltools.gnu-tools-for-stm32.10.3-2021.10.win32_1.0.0.202111181127/tools/bin/../lib/gcc/arm-none-eabi/10.3.1/thumb/v7-m/nofp\libgcc.a(_arm_truncdfsf2.o)
                0x0000000008000b38                __truncdfsf2
                0x0000000008000b38                __aeabi_d2f
 .text          0x0000000008000bd8      0x21c c:/st/stm32cubeide_1.8.0/stm32cubeide/plugins/com.st.stm32cube.ide.mcu.externaltools.gnu-tools-for-stm32.10.3-2021.10.win32_1.0.0.202111181127/tools/bin/../lib/gcc/arm-none-eabi/10.3.1/thumb/v7-m/nofp\libgcc.a(_arm_addsubsf3.o)
                0x0000000008000bd8                __aeabi_frsub
                0x0000000008000be0                __subsf3
                0x0000000008000be0                __aeabi_fsub
                0x0000000008000be4                __aeabi_fadd
                0x0000000008000be4                __addsf3
                0x0000000008000d44                __aeabi_ui2f
                0x0000000008000d44                __floatunsisf
                0x0000000008000d4c                __aeabi_i2f
                0x0000000008000d4c                __floatsisf
                0x0000000008000d68                __aeabi_ul2f
                0x0000000008000d68                __floatundisf
                0x0000000008000d78                __aeabi_l2f
                0x0000000008000d78                __floatdisf
 .text          0x0000000008000df4       0xec c:/st/stm32cubeide_1.8.0/stm32cubeide/plugins/com.st.stm32cube.ide.mcu.externaltools.gnu-tools-for-stm32.10.3-2021.10.win32_1.0.0.202111181127/tools/bin/../lib/gcc/arm-none-eabi/10.3.1/thumb/v7-m/nofp\libgcc.a(_arm_cmpsf2.o)
                0x0000000008000df4                __gesf2
                0x0000000008000df4                __gtsf2
                0x0000000008000dfc                __lesf2
                0x0000000008000dfc                __ltsf2
                0x0000000008000e04                __nesf2
                0x0000000008000e04                __eqsf2
                0x0000000008000e04                __cmpsf2
                0x0000000008000e64                __aeabi_cfrcmple
                0x0000000008000e6c                __aeabi_cfcmpeq
                0x0000000008000e6c                __aeabi_cfcmple
                0x0000000008000e7c                __aeabi_fcmpeq
                0x0000000008000e90                __aeabi_fcmplt
                0x0000000008000ea4                __aeabi_fcmple
                0x0000000008000eb8                __aeabi_fcmpge
                0x0000000008000ecc                __aeabi_fcmpgt
 .text          0x0000000008000ee0       0x40 c:/st/stm32cubeide_1.8.0/stm32cubeide/plugins/com.st.stm32cube.ide.mcu.externaltools.gnu-tools-for-stm32.10.3-2021.10.win32_1.0.0.202111181127/tools/bin/../lib/gcc/arm-none-eabi/10.3.1/thumb/v7-m/nofp\libgcc.a(_arm_fixunssfsi.o)
                0x0000000008000ee0                __fixunssfsi
                0x0000000008000ee0                __aeabi_f2uiz
 *(.text*)
 .text.main     0x0000000008000f20      0x350 ./Core/Src/main.o
                0x0000000008000f20                main
 .text.SystemClock_Config
                0x0000000008001270       0xbc ./Core/Src/main.o
                0x0000000008001270                SystemClock_Config
 .text.MX_I2C1_Init
                0x000000000800132c       0x5c ./Core/Src/main.o
 .text.MX_SPI1_Init
                0x0000000008001388       0x6c ./Core/Src/main.o
 .text.MX_GPIO_Init
                0x00000000080013f4      0x10c ./Core/Src/main.o
 .text.goRight  0x0000000008001500       0x44 ./Core/Src/main.o
                0x0000000008001500                goRight
 .text.goLeft   0x0000000008001544       0x44 ./Core/Src/main.o
                0x0000000008001544                goLeft
 .text.forward  0x0000000008001588       0x44 ./Core/Src/main.o
                0x0000000008001588                forward
 .text.back     0x00000000080015cc       0x44 ./Core/Src/main.o
                0x00000000080015cc                back
 .text.rightNeck
                0x0000000008001610       0x78 ./Core/Src/main.o
                0x0000000008001610                rightNeck
 .text.neckUp   0x0000000008001688       0x3c ./Core/Src/main.o
                0x0000000008001688                neckUp
 .text.neckDown
                0x00000000080016c4       0x2c ./Core/Src/main.o
                0x00000000080016c4                neckDown
 .text.leftNeck
                0x00000000080016f0       0x78 ./Core/Src/main.o
                0x00000000080016f0                leftNeck
 .text.right_arm
                0x0000000008001768       0x4c ./Core/Src/main.o
                0x0000000008001768                right_arm
 .text.left_arm
                0x00000000080017b4       0x4c ./Core/Src/main.o
                0x00000000080017b4                left_arm
 .text.leftHand
                0x0000000008001800       0x6a ./Core/Src/main.o
                0x0000000008001800                leftHand
 .text.rightHand
                0x000000000800186a       0x6a ./Core/Src/main.o
                0x000000000800186a                rightHand
 .text.LRHand   0x00000000080018d4       0xa2 ./Core/Src/main.o
                0x00000000080018d4                LRHand
 .text.shakeHand
                0x0000000008001976       0x50 ./Core/Src/main.o
                0x0000000008001976                shakeHand
 *fill*         0x00000000080019c6        0x2 
 .text.stop     0x00000000080019c8       0x1c ./Core/Src/main.o
                0x00000000080019c8                stop
 .text.nod      0x00000000080019e4       0x5a ./Core/Src/main.o
                0x00000000080019e4                nod
 .text.Error_Handler
                0x0000000008001a3e        0xc ./Core/Src/main.o
                0x0000000008001a3e                Error_Handler
 *fill*         0x0000000008001a4a        0x2 
 .text.PCA9685_SetBit
                0x0000000008001a4c       0xb4 ./Core/Src/pca9685.o
                0x0000000008001a4c                PCA9685_SetBit
 .text.PCA9685_SoftwareReset
                0x0000000008001b00       0x34 ./Core/Src/pca9685.o
                0x0000000008001b00                PCA9685_SoftwareReset
 .text.PCA9685_SleepMode
                0x0000000008001b34       0x20 ./Core/Src/pca9685.o
                0x0000000008001b34                PCA9685_SleepMode
 .text.PCA9685_RestartMode
                0x0000000008001b54       0x20 ./Core/Src/pca9685.o
                0x0000000008001b54                PCA9685_RestartMode
 .text.PCA9685_AutoIncrement
                0x0000000008001b74       0x20 ./Core/Src/pca9685.o
                0x0000000008001b74                PCA9685_AutoIncrement
 *fill*         0x0000000008001b94        0x4 
 .text.PCA9685_SetPwmFrequency
                0x0000000008001b98       0xf0 ./Core/Src/pca9685.o
                0x0000000008001b98                PCA9685_SetPwmFrequency
 .text.PCA9685_SetPwm
                0x0000000008001c88       0x74 ./Core/Src/pca9685.o
                0x0000000008001c88                PCA9685_SetPwm
 .text.PCA9685_SetPin
                0x0000000008001cfc       0xbc ./Core/Src/pca9685.o
                0x0000000008001cfc                PCA9685_SetPin
 .text.PCA9685_SetServoAngle
                0x0000000008001db8       0xac ./Core/Src/pca9685.o
                0x0000000008001db8                PCA9685_SetServoAngle
 .text.PCA9685_Init
                0x0000000008001e64       0x2c ./Core/Src/pca9685.o
                0x0000000008001e64                PCA9685_Init
 .text.HAL_MspInit
                0x0000000008001e90       0x64 ./Core/Src/stm32f1xx_hal_msp.o
                0x0000000008001e90                HAL_MspInit
 .text.HAL_I2C_MspInit
                0x0000000008001ef4       0x7c ./Core/Src/stm32f1xx_hal_msp.o
                0x0000000008001ef4                HAL_I2C_MspInit
 .text.HAL_SPI_MspInit
                0x0000000008001f70       0x94 ./Core/Src/stm32f1xx_hal_msp.o
                0x0000000008001f70                HAL_SPI_MspInit
 .text.NMI_Handler
                0x0000000008002004        0xc ./Core/Src/stm32f1xx_it.o
                0x0000000008002004                NMI_Handler
 .text.HardFault_Handler
                0x0000000008002010        0x6 ./Core/Src/stm32f1xx_it.o
                0x0000000008002010                HardFault_Handler
 .text.MemManage_Handler
                0x0000000008002016        0x6 ./Core/Src/stm32f1xx_it.o
                0x0000000008002016                MemManage_Handler
 .text.BusFault_Handler
                0x000000000800201c        0x6 ./Core/Src/stm32f1xx_it.o
                0x000000000800201c                BusFault_Handler
 .text.UsageFault_Handler
                0x0000000008002022        0x6 ./Core/Src/stm32f1xx_it.o
                0x0000000008002022                UsageFault_Handler
 .text.SVC_Handler
                0x0000000008002028        0xc ./Core/Src/stm32f1xx_it.o
                0x0000000008002028                SVC_Handler
 .text.DebugMon_Handler
                0x0000000008002034        0xc ./Core/Src/stm32f1xx_it.o
                0x0000000008002034                DebugMon_Handler
 .text.PendSV_Handler
                0x0000000008002040        0xc ./Core/Src/stm32f1xx_it.o
                0x0000000008002040                PendSV_Handler
 .text.SysTick_Handler
                0x000000000800204c        0xc ./Core/Src/stm32f1xx_it.o
                0x000000000800204c                SysTick_Handler
 .text.USB_LP_CAN1_RX0_IRQHandler
                0x0000000008002058       0x14 ./Core/Src/stm32f1xx_it.o
                0x0000000008002058                USB_LP_CAN1_RX0_IRQHandler
 .text.SystemInit
                0x000000000800206c        0xc ./Core/Src/system_stm32f1xx.o
                0x000000000800206c                SystemInit
 .text.Reset_Handler
                0x0000000008002078       0x48 ./Core/Startup/startup_stm32f103rctx.o
                0x0000000008002078                Reset_Handler
 .text.Default_Handler
                0x00000000080020c0        0x2 ./Core/Startup/startup_stm32f103rctx.o
                0x00000000080020c0                RTC_Alarm_IRQHandler
                0x00000000080020c0                EXTI2_IRQHandler
                0x00000000080020c0                TIM8_TRG_COM_IRQHandler
                0x00000000080020c0                TIM8_CC_IRQHandler
                0x00000000080020c0                TIM1_CC_IRQHandler
                0x00000000080020c0                TIM6_IRQHandler
                0x00000000080020c0                PVD_IRQHandler
                0x00000000080020c0                SDIO_IRQHandler
                0x00000000080020c0                EXTI3_IRQHandler
                0x00000000080020c0                EXTI0_IRQHandler
                0x00000000080020c0                I2C2_EV_IRQHandler
                0x00000000080020c0                ADC1_2_IRQHandler
                0x00000000080020c0                SPI1_IRQHandler
                0x00000000080020c0                TAMPER_IRQHandler
                0x00000000080020c0                TIM8_UP_IRQHandler
                0x00000000080020c0                DMA2_Channel2_IRQHandler
                0x00000000080020c0                DMA1_Channel4_IRQHandler
                0x00000000080020c0                USART3_IRQHandler
                0x00000000080020c0                RTC_IRQHandler
                0x00000000080020c0                DMA1_Channel7_IRQHandler
                0x00000000080020c0                CAN1_RX1_IRQHandler
                0x00000000080020c0                UART5_IRQHandler
                0x00000000080020c0                ADC3_IRQHandler
                0x00000000080020c0                TIM4_IRQHandler
                0x00000000080020c0                DMA2_Channel1_IRQHandler
                0x00000000080020c0                I2C1_EV_IRQHandler
                0x00000000080020c0                DMA1_Channel6_IRQHandler
                0x00000000080020c0                UART4_IRQHandler
                0x00000000080020c0                TIM3_IRQHandler
                0x00000000080020c0                RCC_IRQHandler
                0x00000000080020c0                TIM1_TRG_COM_IRQHandler
                0x00000000080020c0                DMA1_Channel1_IRQHandler
                0x00000000080020c0                Default_Handler
                0x00000000080020c0                EXTI15_10_IRQHandler
                0x00000000080020c0                TIM7_IRQHandler
                0x00000000080020c0                TIM5_IRQHandler
                0x00000000080020c0                EXTI9_5_IRQHandler
                0x00000000080020c0                SPI2_IRQHandler
                0x00000000080020c0                DMA1_Channel5_IRQHandler
                0x00000000080020c0                EXTI4_IRQHandler
                0x00000000080020c0                USB_HP_CAN1_TX_IRQHandler
                0x00000000080020c0                DMA1_Channel3_IRQHandler
                0x00000000080020c0                FSMC_IRQHandler
                0x00000000080020c0                TIM1_UP_IRQHandler
                0x00000000080020c0                WWDG_IRQHandler
                0x00000000080020c0                TIM2_IRQHandler
                0x00000000080020c0                TIM1_BRK_IRQHandler
                0x00000000080020c0                EXTI1_IRQHandler
                0x00000000080020c0                DMA2_Channel4_5_IRQHandler
                0x00000000080020c0                USART2_IRQHandler
                0x00000000080020c0                I2C2_ER_IRQHandler
                0x00000000080020c0                DMA1_Channel2_IRQHandler
                0x00000000080020c0                TIM8_BRK_IRQHandler
                0x00000000080020c0                CAN1_SCE_IRQHandler
                0x00000000080020c0                FLASH_IRQHandler
                0x00000000080020c0                USART1_IRQHandler
                0x00000000080020c0                SPI3_IRQHandler
                0x00000000080020c0                I2C1_ER_IRQHandler
                0x00000000080020c0                USBWakeUp_IRQHandler
                0x00000000080020c0                DMA2_Channel3_IRQHandler
 *fill*         0x00000000080020c2        0x2 
 .text.HAL_Init
                0x00000000080020c4       0x2c ./Drivers/STM32F1xx_HAL_Driver/Src/stm32f1xx_hal.o
                0x00000000080020c4                HAL_Init
 .text.HAL_InitTick
                0x00000000080020f0       0x60 ./Drivers/STM32F1xx_HAL_Driver/Src/stm32f1xx_hal.o
                0x00000000080020f0                HAL_InitTick
 .text.HAL_IncTick
                0x0000000008002150       0x24 ./Drivers/STM32F1xx_HAL_Driver/Src/stm32f1xx_hal.o
                0x0000000008002150                HAL_IncTick
 .text.HAL_GetTick
                0x0000000008002174       0x14 ./Drivers/STM32F1xx_HAL_Driver/Src/stm32f1xx_hal.o
                0x0000000008002174                HAL_GetTick
 .text.HAL_Delay
                0x0000000008002188       0x48 ./Drivers/STM32F1xx_HAL_Driver/Src/stm32f1xx_hal.o
                0x0000000008002188                HAL_Delay
 .text.__NVIC_SetPriorityGrouping
                0x00000000080021d0       0x48 ./Drivers/STM32F1xx_HAL_Driver/Src/stm32f1xx_hal_cortex.o
 .text.__NVIC_GetPriorityGrouping
                0x0000000008002218       0x1c ./Drivers/STM32F1xx_HAL_Driver/Src/stm32f1xx_hal_cortex.o
 .text.__NVIC_EnableIRQ
                0x0000000008002234       0x38 ./Drivers/STM32F1xx_HAL_Driver/Src/stm32f1xx_hal_cortex.o
 .text.__NVIC_SetPriority
                0x000000000800226c       0x54 ./Drivers/STM32F1xx_HAL_Driver/Src/stm32f1xx_hal_cortex.o
 .text.NVIC_EncodePriority
                0x00000000080022c0       0x64 ./Drivers/STM32F1xx_HAL_Driver/Src/stm32f1xx_hal_cortex.o
 .text.SysTick_Config
                0x0000000008002324       0x44 ./Drivers/STM32F1xx_HAL_Driver/Src/stm32f1xx_hal_cortex.o
 .text.HAL_NVIC_SetPriorityGrouping
                0x0000000008002368       0x16 ./Drivers/STM32F1xx_HAL_Driver/Src/stm32f1xx_hal_cortex.o
                0x0000000008002368                HAL_NVIC_SetPriorityGrouping
 .text.HAL_NVIC_SetPriority
                0x000000000800237e       0x38 ./Drivers/STM32F1xx_HAL_Driver/Src/stm32f1xx_hal_cortex.o
                0x000000000800237e                HAL_NVIC_SetPriority
 .text.HAL_NVIC_EnableIRQ
                0x00000000080023b6       0x1c ./Drivers/STM32F1xx_HAL_Driver/Src/stm32f1xx_hal_cortex.o
                0x00000000080023b6                HAL_NVIC_EnableIRQ
 .text.HAL_SYSTICK_Config
                0x00000000080023d2       0x18 ./Drivers/STM32F1xx_HAL_Driver/Src/stm32f1xx_hal_cortex.o
                0x00000000080023d2                HAL_SYSTICK_Config
 *fill*         0x00000000080023ea        0x2 
 .text.HAL_GPIO_Init
                0x00000000080023ec      0x328 ./Drivers/STM32F1xx_HAL_Driver/Src/stm32f1xx_hal_gpio.o
                0x00000000080023ec                HAL_GPIO_Init
 .text.HAL_GPIO_WritePin
                0x0000000008002714       0x30 ./Drivers/STM32F1xx_HAL_Driver/Src/stm32f1xx_hal_gpio.o
                0x0000000008002714                HAL_GPIO_WritePin
 .text.HAL_I2C_Init
                0x0000000008002744      0x288 ./Drivers/STM32F1xx_HAL_Driver/Src/stm32f1xx_hal_i2c.o
                0x0000000008002744                HAL_I2C_Init
 .text.HAL_I2C_Master_Transmit
                0x00000000080029cc      0x1fc ./Drivers/STM32F1xx_HAL_Driver/Src/stm32f1xx_hal_i2c.o
                0x00000000080029cc                HAL_I2C_Master_Transmit
 .text.HAL_I2C_Mem_Write
                0x0000000008002bc8      0x1f4 ./Drivers/STM32F1xx_HAL_Driver/Src/stm32f1xx_hal_i2c.o
                0x0000000008002bc8                HAL_I2C_Mem_Write
 .text.HAL_I2C_Mem_Read
                0x0000000008002dbc      0x4d0 ./Drivers/STM32F1xx_HAL_Driver/Src/stm32f1xx_hal_i2c.o
                0x0000000008002dbc                HAL_I2C_Mem_Read
 .text.I2C_MasterRequestWrite
                0x000000000800328c      0x104 ./Drivers/STM32F1xx_HAL_Driver/Src/stm32f1xx_hal_i2c.o
 .text.I2C_RequestMemoryWrite
                0x0000000008003390      0x12c ./Drivers/STM32F1xx_HAL_Driver/Src/stm32f1xx_hal_i2c.o
 .text.I2C_RequestMemoryRead
                0x00000000080034bc      0x1d0 ./Drivers/STM32F1xx_HAL_Driver/Src/stm32f1xx_hal_i2c.o
 .text.I2C_WaitOnFlagUntilTimeout
                0x000000000800368c       0xae ./Drivers/STM32F1xx_HAL_Driver/Src/stm32f1xx_hal_i2c.o
 .text.I2C_WaitOnMasterAddressFlagUntilTimeout
                0x000000000800373a       0xfe ./Drivers/STM32F1xx_HAL_Driver/Src/stm32f1xx_hal_i2c.o
 .text.I2C_WaitOnTXEFlagUntilTimeout
                0x0000000008003838       0x82 ./Drivers/STM32F1xx_HAL_Driver/Src/stm32f1xx_hal_i2c.o
 .text.I2C_WaitOnBTFFlagUntilTimeout
                0x00000000080038ba       0x82 ./Drivers/STM32F1xx_HAL_Driver/Src/stm32f1xx_hal_i2c.o
 .text.I2C_WaitOnRXNEFlagUntilTimeout
                0x000000000800393c       0xac ./Drivers/STM32F1xx_HAL_Driver/Src/stm32f1xx_hal_i2c.o
 .text.I2C_IsAcknowledgeFailed
                0x00000000080039e8       0x5c ./Drivers/STM32F1xx_HAL_Driver/Src/stm32f1xx_hal_i2c.o
 .text.HAL_PCD_Init
                0x0000000008003a44      0x216 ./Drivers/STM32F1xx_HAL_Driver/Src/stm32f1xx_hal_pcd.o
                0x0000000008003a44                HAL_PCD_Init
 .text.HAL_PCD_Start
                0x0000000008003c5a       0x4c ./Drivers/STM32F1xx_HAL_Driver/Src/stm32f1xx_hal_pcd.o
                0x0000000008003c5a                HAL_PCD_Start
 .text.HAL_PCD_IRQHandler
                0x0000000008003ca6      0x2a6 ./Drivers/STM32F1xx_HAL_Driver/Src/stm32f1xx_hal_pcd.o
                0x0000000008003ca6                HAL_PCD_IRQHandler
 .text.HAL_PCD_SetAddress
                0x0000000008003f4c       0x4a ./Drivers/STM32F1xx_HAL_Driver/Src/stm32f1xx_hal_pcd.o
                0x0000000008003f4c                HAL_PCD_SetAddress
 .text.HAL_PCD_EP_Open
                0x0000000008003f96       0xcc ./Drivers/STM32F1xx_HAL_Driver/Src/stm32f1xx_hal_pcd.o
                0x0000000008003f96                HAL_PCD_EP_Open
 .text.HAL_PCD_EP_Close
                0x0000000008004062       0x90 ./Drivers/STM32F1xx_HAL_Driver/Src/stm32f1xx_hal_pcd.o
                0x0000000008004062                HAL_PCD_EP_Close
 .text.HAL_PCD_EP_Receive
                0x00000000080040f2       0x7a ./Drivers/STM32F1xx_HAL_Driver/Src/stm32f1xx_hal_pcd.o
                0x00000000080040f2                HAL_PCD_EP_Receive
 .text.HAL_PCD_EP_GetRxCount
                0x000000000800416c       0x2e ./Drivers/STM32F1xx_HAL_Driver/Src/stm32f1xx_hal_pcd.o
                0x000000000800416c                HAL_PCD_EP_GetRxCount
 .text.HAL_PCD_EP_Transmit
                0x000000000800419a       0x86 ./Drivers/STM32F1xx_HAL_Driver/Src/stm32f1xx_hal_pcd.o
                0x000000000800419a                HAL_PCD_EP_Transmit
 .text.HAL_PCD_EP_SetStall
                0x0000000008004220       0xc0 ./Drivers/STM32F1xx_HAL_Driver/Src/stm32f1xx_hal_pcd.o
                0x0000000008004220                HAL_PCD_EP_SetStall
 .text.HAL_PCD_EP_ClrStall
                0x00000000080042e0       0xa8 ./Drivers/STM32F1xx_HAL_Driver/Src/stm32f1xx_hal_pcd.o
                0x00000000080042e0                HAL_PCD_EP_ClrStall
 .text.PCD_EP_ISR_Handler
                0x0000000008004388      0x600 ./Drivers/STM32F1xx_HAL_Driver/Src/stm32f1xx_hal_pcd.o
 .text.HAL_PCD_EP_DB_Receive
                0x0000000008004988      0x21a ./Drivers/STM32F1xx_HAL_Driver/Src/stm32f1xx_hal_pcd.o
 .text.HAL_PCD_EP_DB_Transmit
                0x0000000008004ba2      0x7a4 ./Drivers/STM32F1xx_HAL_Driver/Src/stm32f1xx_hal_pcd.o
 .text.HAL_PCDEx_PMAConfig
                0x0000000008005346       0x84 ./Drivers/STM32F1xx_HAL_Driver/Src/stm32f1xx_hal_pcd_ex.o
                0x0000000008005346                HAL_PCDEx_PMAConfig
 *fill*         0x00000000080053ca        0x2 
 .text.HAL_RCC_OscConfig
                0x00000000080053cc      0x504 ./Drivers/STM32F1xx_HAL_Driver/Src/stm32f1xx_hal_rcc.o
                0x00000000080053cc                HAL_RCC_OscConfig
 .text.HAL_RCC_ClockConfig
                0x00000000080058d0      0x1d4 ./Drivers/STM32F1xx_HAL_Driver/Src/stm32f1xx_hal_rcc.o
                0x00000000080058d0                HAL_RCC_ClockConfig
 .text.HAL_RCC_GetSysClockFreq
                0x0000000008005aa4       0xbc ./Drivers/STM32F1xx_HAL_Driver/Src/stm32f1xx_hal_rcc.o
                0x0000000008005aa4                HAL_RCC_GetSysClockFreq
 .text.HAL_RCC_GetHCLKFreq
                0x0000000008005b60       0x14 ./Drivers/STM32F1xx_HAL_Driver/Src/stm32f1xx_hal_rcc.o
                0x0000000008005b60                HAL_RCC_GetHCLKFreq
 .text.HAL_RCC_GetPCLK1Freq
                0x0000000008005b74       0x28 ./Drivers/STM32F1xx_HAL_Driver/Src/stm32f1xx_hal_rcc.o
                0x0000000008005b74                HAL_RCC_GetPCLK1Freq
 .text.RCC_Delay
                0x0000000008005b9c       0x3c ./Drivers/STM32F1xx_HAL_Driver/Src/stm32f1xx_hal_rcc.o
 .text.HAL_RCCEx_PeriphCLKConfig
                0x0000000008005bd8      0x16c ./Drivers/STM32F1xx_HAL_Driver/Src/stm32f1xx_hal_rcc_ex.o
                0x0000000008005bd8                HAL_RCCEx_PeriphCLKConfig
 .text.HAL_SPI_Init
                0x0000000008005d44      0x108 ./Drivers/STM32F1xx_HAL_Driver/Src/stm32f1xx_hal_spi.o
                0x0000000008005d44                HAL_SPI_Init
 .text.USB_CoreInit
                0x0000000008005e4c       0x20 ./Drivers/STM32F1xx_HAL_Driver/Src/stm32f1xx_ll_usb.o
                0x0000000008005e4c                USB_CoreInit
 .text.USB_EnableGlobalInt
                0x0000000008005e6c       0x2c ./Drivers/STM32F1xx_HAL_Driver/Src/stm32f1xx_ll_usb.o
                0x0000000008005e6c                USB_EnableGlobalInt
 .text.USB_DisableGlobalInt
                0x0000000008005e98       0x34 ./Drivers/STM32F1xx_HAL_Driver/Src/stm32f1xx_ll_usb.o
                0x0000000008005e98                USB_DisableGlobalInt
 .text.USB_SetCurrentMode
                0x0000000008005ecc       0x18 ./Drivers/STM32F1xx_HAL_Driver/Src/stm32f1xx_ll_usb.o
                0x0000000008005ecc                USB_SetCurrentMode
 .text.USB_DevInit
                0x0000000008005ee4       0x40 ./Drivers/STM32F1xx_HAL_Driver/Src/stm32f1xx_ll_usb.o
                0x0000000008005ee4                USB_DevInit
 .text.USB_ActivateEndpoint
                0x0000000008005f24      0x6d4 ./Drivers/STM32F1xx_HAL_Driver/Src/stm32f1xx_ll_usb.o
                0x0000000008005f24                USB_ActivateEndpoint
 .text.USB_DeactivateEndpoint
                0x00000000080065f8      0x3d8 ./Drivers/STM32F1xx_HAL_Driver/Src/stm32f1xx_ll_usb.o
                0x00000000080065f8                USB_DeactivateEndpoint
 .text.USB_EPStartXfer
                0x00000000080069d0     0x1c70 ./Drivers/STM32F1xx_HAL_Driver/Src/stm32f1xx_ll_usb.o
                0x00000000080069d0                USB_EPStartXfer
 .text.USB_EPSetStall
                0x0000000008008640       0xa0 ./Drivers/STM32F1xx_HAL_Driver/Src/stm32f1xx_ll_usb.o
                0x0000000008008640                USB_EPSetStall
 .text.USB_EPClearStall
                0x00000000080086e0      0x15a ./Drivers/STM32F1xx_HAL_Driver/Src/stm32f1xx_ll_usb.o
                0x00000000080086e0                USB_EPClearStall
 .text.USB_SetDevAddress
                0x000000000800883a       0x26 ./Drivers/STM32F1xx_HAL_Driver/Src/stm32f1xx_ll_usb.o
                0x000000000800883a                USB_SetDevAddress
 .text.USB_DevConnect
                0x0000000008008860       0x14 ./Drivers/STM32F1xx_HAL_Driver/Src/stm32f1xx_ll_usb.o
                0x0000000008008860                USB_DevConnect
 .text.USB_DevDisconnect
                0x0000000008008874       0x14 ./Drivers/STM32F1xx_HAL_Driver/Src/stm32f1xx_ll_usb.o
                0x0000000008008874                USB_DevDisconnect
 .text.USB_ReadInterrupts
                0x0000000008008888       0x1e ./Drivers/STM32F1xx_HAL_Driver/Src/stm32f1xx_ll_usb.o
                0x0000000008008888                USB_ReadInterrupts
 .text.USB_EP0_OutStart
                0x00000000080088a6       0x16 ./Drivers/STM32F1xx_HAL_Driver/Src/stm32f1xx_ll_usb.o
                0x00000000080088a6                USB_EP0_OutStart
 .text.USB_WritePMA
                0x00000000080088bc       0x8a ./Drivers/STM32F1xx_HAL_Driver/Src/stm32f1xx_ll_usb.o
                0x00000000080088bc                USB_WritePMA
 .text.USB_ReadPMA
                0x0000000008008946       0x9e ./Drivers/STM32F1xx_HAL_Driver/Src/stm32f1xx_ll_usb.o
                0x0000000008008946                USB_ReadPMA
 .text.USBD_CDC_Init
                0x00000000080089e4       0xf4 ./Middlewares/ST/STM32_USB_Device_Library/Class/CDC/Src/usbd_cdc.o
 .text.USBD_CDC_DeInit
                0x0000000008008ad8       0x6e ./Middlewares/ST/STM32_USB_Device_Library/Class/CDC/Src/usbd_cdc.o
 .text.USBD_CDC_Setup
                0x0000000008008b46      0x146 ./Middlewares/ST/STM32_USB_Device_Library/Class/CDC/Src/usbd_cdc.o
 .text.USBD_CDC_DataIn
                0x0000000008008c8c       0xa6 ./Middlewares/ST/STM32_USB_Device_Library/Class/CDC/Src/usbd_cdc.o
 .text.USBD_CDC_DataOut
                0x0000000008008d32       0x56 ./Middlewares/ST/STM32_USB_Device_Library/Class/CDC/Src/usbd_cdc.o
 .text.USBD_CDC_EP0_RxReady
                0x0000000008008d88       0x50 ./Middlewares/ST/STM32_USB_Device_Library/Class/CDC/Src/usbd_cdc.o
 .text.USBD_CDC_GetFSCfgDesc
                0x0000000008008dd8       0x20 ./Middlewares/ST/STM32_USB_Device_Library/Class/CDC/Src/usbd_cdc.o
 .text.USBD_CDC_GetHSCfgDesc
                0x0000000008008df8       0x20 ./Middlewares/ST/STM32_USB_Device_Library/Class/CDC/Src/usbd_cdc.o
 .text.USBD_CDC_GetOtherSpeedCfgDesc
                0x0000000008008e18       0x20 ./Middlewares/ST/STM32_USB_Device_Library/Class/CDC/Src/usbd_cdc.o
 .text.USBD_CDC_GetDeviceQualifierDescriptor
                0x0000000008008e38       0x20 ./Middlewares/ST/STM32_USB_Device_Library/Class/CDC/Src/usbd_cdc.o
                0x0000000008008e38                USBD_CDC_GetDeviceQualifierDescriptor
 .text.USBD_CDC_RegisterInterface
                0x0000000008008e58       0x2c ./Middlewares/ST/STM32_USB_Device_Library/Class/CDC/Src/usbd_cdc.o
                0x0000000008008e58                USBD_CDC_RegisterInterface
 .text.USBD_CDC_SetTxBuffer
                0x0000000008008e84       0x32 ./Middlewares/ST/STM32_USB_Device_Library/Class/CDC/Src/usbd_cdc.o
                0x0000000008008e84                USBD_CDC_SetTxBuffer
 .text.USBD_CDC_SetRxBuffer
                0x0000000008008eb6       0x26 ./Middlewares/ST/STM32_USB_Device_Library/Class/CDC/Src/usbd_cdc.o
                0x0000000008008eb6                USBD_CDC_SetRxBuffer
 .text.USBD_CDC_TransmitPacket
                0x0000000008008edc       0x5e ./Middlewares/ST/STM32_USB_Device_Library/Class/CDC/Src/usbd_cdc.o
                0x0000000008008edc                USBD_CDC_TransmitPacket
 .text.USBD_CDC_ReceivePacket
                0x0000000008008f3a       0x54 ./Middlewares/ST/STM32_USB_Device_Library/Class/CDC/Src/usbd_cdc.o
                0x0000000008008f3a                USBD_CDC_ReceivePacket
 .text.USBD_Init
                0x0000000008008f8e       0x56 ./Middlewares/ST/STM32_USB_Device_Library/Core/Src/usbd_core.o
                0x0000000008008f8e                USBD_Init
 .text.USBD_RegisterClass
                0x0000000008008fe4       0x32 ./Middlewares/ST/STM32_USB_Device_Library/Core/Src/usbd_core.o
                0x0000000008008fe4                USBD_RegisterClass
 .text.USBD_Start
                0x0000000008009016       0x18 ./Middlewares/ST/STM32_USB_Device_Library/Core/Src/usbd_core.o
                0x0000000008009016                USBD_Start
 .text.USBD_RunTestMode
                0x000000000800902e       0x14 ./Middlewares/ST/STM32_USB_Device_Library/Core/Src/usbd_core.o
                0x000000000800902e                USBD_RunTestMode
 .text.USBD_SetClassConfig
                0x0000000008009042       0x3e ./Middlewares/ST/STM32_USB_Device_Library/Core/Src/usbd_core.o
                0x0000000008009042                USBD_SetClassConfig
 .text.USBD_ClrClassConfig
                0x0000000008009080       0x26 ./Middlewares/ST/STM32_USB_Device_Library/Core/Src/usbd_core.o
                0x0000000008009080                USBD_ClrClassConfig
 .text.USBD_LL_SetupStage
                0x00000000080090a6       0x9a ./Middlewares/ST/STM32_USB_Device_Library/Core/Src/usbd_core.o
                0x00000000080090a6                USBD_LL_SetupStage
 .text.USBD_LL_DataOutStage
                0x0000000008009140       0xe2 ./Middlewares/ST/STM32_USB_Device_Library/Core/Src/usbd_core.o
                0x0000000008009140                USBD_LL_DataOutStage
 .text.USBD_LL_DataInStage
                0x0000000008009222      0x14a ./Middlewares/ST/STM32_USB_Device_Library/Core/Src/usbd_core.o
                0x0000000008009222                USBD_LL_DataInStage
 .text.USBD_LL_Reset
                0x000000000800936c       0x82 ./Middlewares/ST/STM32_USB_Device_Library/Core/Src/usbd_core.o
                0x000000000800936c                USBD_LL_Reset
 .text.USBD_LL_SetSpeed
                0x00000000080093ee       0x1e ./Middlewares/ST/STM32_USB_Device_Library/Core/Src/usbd_core.o
                0x00000000080093ee                USBD_LL_SetSpeed
 .text.USBD_LL_Suspend
                0x000000000800940c       0x28 ./Middlewares/ST/STM32_USB_Device_Library/Core/Src/usbd_core.o
                0x000000000800940c                USBD_LL_Suspend
 .text.USBD_LL_Resume
                0x0000000008009434       0x2a ./Middlewares/ST/STM32_USB_Device_Library/Core/Src/usbd_core.o
                0x0000000008009434                USBD_LL_Resume
 .text.USBD_LL_SOF
                0x000000000800945e       0x34 ./Middlewares/ST/STM32_USB_Device_Library/Core/Src/usbd_core.o
                0x000000000800945e                USBD_LL_SOF
 *fill*         0x0000000008009492        0x2 
 .text.USBD_StdDevReq
                0x0000000008009494       0xd4 ./Middlewares/ST/STM32_USB_Device_Library/Core/Src/usbd_ctlreq.o
                0x0000000008009494                USBD_StdDevReq
 .text.USBD_StdItfReq
                0x0000000008009568       0x90 ./Middlewares/ST/STM32_USB_Device_Library/Core/Src/usbd_ctlreq.o
                0x0000000008009568                USBD_StdItfReq
 .text.USBD_StdEPReq
                0x00000000080095f8      0x2c6 ./Middlewares/ST/STM32_USB_Device_Library/Core/Src/usbd_ctlreq.o
                0x00000000080095f8                USBD_StdEPReq
 *fill*         0x00000000080098be        0x2 
 .text.USBD_GetDescriptor
                0x00000000080098c0      0x2d0 ./Middlewares/ST/STM32_USB_Device_Library/Core/Src/usbd_ctlreq.o
 .text.USBD_SetAddress
                0x0000000008009b90       0x86 ./Middlewares/ST/STM32_USB_Device_Library/Core/Src/usbd_ctlreq.o
 *fill*         0x0000000008009c16        0x2 
 .text.USBD_SetConfig
                0x0000000008009c18      0x11c ./Middlewares/ST/STM32_USB_Device_Library/Core/Src/usbd_ctlreq.o
 .text.USBD_GetConfig
                0x0000000008009d34       0x6a ./Middlewares/ST/STM32_USB_Device_Library/Core/Src/usbd_ctlreq.o
 .text.USBD_GetStatus
                0x0000000008009d9e       0x66 ./Middlewares/ST/STM32_USB_Device_Library/Core/Src/usbd_ctlreq.o
 .text.USBD_SetFeature
                0x0000000008009e04       0x28 ./Middlewares/ST/STM32_USB_Device_Library/Core/Src/usbd_ctlreq.o
 .text.USBD_ClrFeature
                0x0000000008009e2c       0x42 ./Middlewares/ST/STM32_USB_Device_Library/Core/Src/usbd_ctlreq.o
 .text.USBD_ParseSetupRequest
                0x0000000008009e6e       0x78 ./Middlewares/ST/STM32_USB_Device_Library/Core/Src/usbd_ctlreq.o
                0x0000000008009e6e                USBD_ParseSetupRequest
 .text.USBD_CtlError
                0x0000000008009ee6       0x22 ./Middlewares/ST/STM32_USB_Device_Library/Core/Src/usbd_ctlreq.o
                0x0000000008009ee6                USBD_CtlError
 .text.USBD_GetString
                0x0000000008009f08       0x84 ./Middlewares/ST/STM32_USB_Device_Library/Core/Src/usbd_ctlreq.o
                0x0000000008009f08                USBD_GetString
 .text.USBD_GetLen
                0x0000000008009f8c       0x2e ./Middlewares/ST/STM32_USB_Device_Library/Core/Src/usbd_ctlreq.o
 .text.USBD_CtlSendData
                0x0000000008009fba       0x38 ./Middlewares/ST/STM32_USB_Device_Library/Core/Src/usbd_ioreq.o
                0x0000000008009fba                USBD_CtlSendData
 .text.USBD_CtlContinueSendData
                0x0000000008009ff2       0x24 ./Middlewares/ST/STM32_USB_Device_Library/Core/Src/usbd_ioreq.o
                0x0000000008009ff2                USBD_CtlContinueSendData
 .text.USBD_CtlPrepareRx
                0x000000000800a016       0x3c ./Middlewares/ST/STM32_USB_Device_Library/Core/Src/usbd_ioreq.o
                0x000000000800a016                USBD_CtlPrepareRx
 .text.USBD_CtlContinueRx
                0x000000000800a052       0x24 ./Middlewares/ST/STM32_USB_Device_Library/Core/Src/usbd_ioreq.o
                0x000000000800a052                USBD_CtlContinueRx
 .text.USBD_CtlSendStatus
                0x000000000800a076       0x26 ./Middlewares/ST/STM32_USB_Device_Library/Core/Src/usbd_ioreq.o
                0x000000000800a076                USBD_CtlSendStatus
 .text.USBD_CtlReceiveStatus
                0x000000000800a09c       0x26 ./Middlewares/ST/STM32_USB_Device_Library/Core/Src/usbd_ioreq.o
                0x000000000800a09c                USBD_CtlReceiveStatus
 *fill*         0x000000000800a0c2        0x2 
 .text.MX_USB_DEVICE_Init
                0x000000000800a0c4       0x60 ./USB_DEVICE/App/usb_device.o
                0x000000000800a0c4                MX_USB_DEVICE_Init
 .text.CDC_Init_FS
                0x000000000800a124       0x28 ./USB_DEVICE/App/usbd_cdc_if.o
 .text.CDC_DeInit_FS
                0x000000000800a14c        0xe ./USB_DEVICE/App/usbd_cdc_if.o
 *fill*         0x000000000800a15a        0x2 
 .text.CDC_Control_FS
                0x000000000800a15c       0xbc ./USB_DEVICE/App/usbd_cdc_if.o
 .text.CDC_Receive_FS
                0x000000000800a218       0x98 ./USB_DEVICE/App/usbd_cdc_if.o
 .text.CDC_Transmit_FS
                0x000000000800a2b0       0x4c ./USB_DEVICE/App/usbd_cdc_if.o
                0x000000000800a2b0                CDC_Transmit_FS
 .text.USBD_FS_DeviceDescriptor
                0x000000000800a2fc       0x24 ./USB_DEVICE/App/usbd_desc.o
                0x000000000800a2fc                USBD_FS_DeviceDescriptor
 .text.USBD_FS_LangIDStrDescriptor
                0x000000000800a320       0x24 ./USB_DEVICE/App/usbd_desc.o
                0x000000000800a320                USBD_FS_LangIDStrDescriptor
 .text.USBD_FS_ProductStrDescriptor
                0x000000000800a344       0x3c ./USB_DEVICE/App/usbd_desc.o
                0x000000000800a344                USBD_FS_ProductStrDescriptor
 .text.USBD_FS_ManufacturerStrDescriptor
                0x000000000800a380       0x28 ./USB_DEVICE/App/usbd_desc.o
                0x000000000800a380                USBD_FS_ManufacturerStrDescriptor
 .text.USBD_FS_SerialStrDescriptor
                0x000000000800a3a8       0x24 ./USB_DEVICE/App/usbd_desc.o
                0x000000000800a3a8                USBD_FS_SerialStrDescriptor
 .text.USBD_FS_ConfigStrDescriptor
                0x000000000800a3cc       0x3c ./USB_DEVICE/App/usbd_desc.o
                0x000000000800a3cc                USBD_FS_ConfigStrDescriptor
 .text.USBD_FS_InterfaceStrDescriptor
                0x000000000800a408       0x3c ./USB_DEVICE/App/usbd_desc.o
                0x000000000800a408                USBD_FS_InterfaceStrDescriptor
 .text.Get_SerialNum
                0x000000000800a444       0x58 ./USB_DEVICE/App/usbd_desc.o
 .text.IntToUnicode
                0x000000000800a49c       0x7c ./USB_DEVICE/App/usbd_desc.o
 .text.HAL_PCD_MspInit
                0x000000000800a518       0x4c ./USB_DEVICE/Target/usbd_conf.o
                0x000000000800a518                HAL_PCD_MspInit
 .text.HAL_PCD_SetupStageCallback
                0x000000000800a564       0x24 ./USB_DEVICE/Target/usbd_conf.o
                0x000000000800a564                HAL_PCD_SetupStageCallback
 .text.HAL_PCD_DataOutStageCallback
                0x000000000800a588       0x36 ./USB_DEVICE/Target/usbd_conf.o
                0x000000000800a588                HAL_PCD_DataOutStageCallback
 .text.HAL_PCD_DataInStageCallback
                0x000000000800a5be       0x34 ./USB_DEVICE/Target/usbd_conf.o
                0x000000000800a5be                HAL_PCD_DataInStageCallback
 .text.HAL_PCD_SOFCallback
                0x000000000800a5f2       0x1c ./USB_DEVICE/Target/usbd_conf.o
                0x000000000800a5f2                HAL_PCD_SOFCallback
 .text.HAL_PCD_ResetCallback
                0x000000000800a60e       0x3c ./USB_DEVICE/Target/usbd_conf.o
                0x000000000800a60e                HAL_PCD_ResetCallback
 *fill*         0x000000000800a64a        0x2 
 .text.HAL_PCD_SuspendCallback
                0x000000000800a64c       0x34 ./USB_DEVICE/Target/usbd_conf.o
                0x000000000800a64c                HAL_PCD_SuspendCallback
 .text.HAL_PCD_ResumeCallback
                0x000000000800a680       0x1c ./USB_DEVICE/Target/usbd_conf.o
                0x000000000800a680                HAL_PCD_ResumeCallback
 .text.USBD_LL_Init
                0x000000000800a69c       0xb4 ./USB_DEVICE/Target/usbd_conf.o
                0x000000000800a69c                USBD_LL_Init
 .text.USBD_LL_Start
                0x000000000800a750       0x36 ./USB_DEVICE/Target/usbd_conf.o
                0x000000000800a750                USBD_LL_Start
 .text.USBD_LL_OpenEP
                0x000000000800a786       0x4c ./USB_DEVICE/Target/usbd_conf.o
                0x000000000800a786                USBD_LL_OpenEP
 .text.USBD_LL_CloseEP
                0x000000000800a7d2       0x3e ./USB_DEVICE/Target/usbd_conf.o
                0x000000000800a7d2                USBD_LL_CloseEP
 .text.USBD_LL_StallEP
                0x000000000800a810       0x3e ./USB_DEVICE/Target/usbd_conf.o
                0x000000000800a810                USBD_LL_StallEP
 .text.USBD_LL_ClearStallEP
                0x000000000800a84e       0x3e ./USB_DEVICE/Target/usbd_conf.o
                0x000000000800a84e                USBD_LL_ClearStallEP
 .text.USBD_LL_IsStallEP
                0x000000000800a88c       0x58 ./USB_DEVICE/Target/usbd_conf.o
                0x000000000800a88c                USBD_LL_IsStallEP
 .text.USBD_LL_SetUSBAddress
                0x000000000800a8e4       0x3e ./USB_DEVICE/Target/usbd_conf.o
                0x000000000800a8e4                USBD_LL_SetUSBAddress
 .text.USBD_LL_Transmit
                0x000000000800a922       0x46 ./USB_DEVICE/Target/usbd_conf.o
                0x000000000800a922                USBD_LL_Transmit
 .text.USBD_LL_PrepareReceive
                0x000000000800a968       0x46 ./USB_DEVICE/Target/usbd_conf.o
                0x000000000800a968                USBD_LL_PrepareReceive
 .text.USBD_LL_GetRxDataSize
                0x000000000800a9ae       0x26 ./USB_DEVICE/Target/usbd_conf.o
                0x000000000800a9ae                USBD_LL_GetRxDataSize
 .text.USBD_static_malloc
                0x000000000800a9d4       0x18 ./USB_DEVICE/Target/usbd_conf.o
                0x000000000800a9d4                USBD_static_malloc
 .text.USBD_static_free
                0x000000000800a9ec       0x12 ./USB_DEVICE/Target/usbd_conf.o
                0x000000000800a9ec                USBD_static_free
 .text.HAL_PCDEx_SetConnectionState
                0x000000000800a9fe       0x16 ./USB_DEVICE/Target/usbd_conf.o
                0x000000000800a9fe                HAL_PCDEx_SetConnectionState
 .text.USBD_Get_USB_Status
                0x000000000800aa14       0x58 ./USB_DEVICE/Target/usbd_conf.o
 .text.__libc_init_array
                0x000000000800aa6c       0x48 c:/st/stm32cubeide_1.8.0/stm32cubeide/plugins/com.st.stm32cube.ide.mcu.externaltools.gnu-tools-for-stm32.10.3-2021.10.win32_1.0.0.202111181127/tools/bin/../lib/gcc/arm-none-eabi/10.3.1/../../../../arm-none-eabi/lib/thumb/v7-m/nofp\libc_nano.a(lib_a-init.o)
                0x000000000800aa6c                __libc_init_array
 .text.memset   0x000000000800aab4       0x10 c:/st/stm32cubeide_1.8.0/stm32cubeide/plugins/com.st.stm32cube.ide.mcu.externaltools.gnu-tools-for-stm32.10.3-2021.10.win32_1.0.0.202111181127/tools/bin/../lib/gcc/arm-none-eabi/10.3.1/../../../../arm-none-eabi/lib/thumb/v7-m/nofp\libc_nano.a(lib_a-memset.o)
                0x000000000800aab4                memset
 *fill*         0x000000000800aac4        0x4 
 .text.floor    0x000000000800aac8      0x100 c:/st/stm32cubeide_1.8.0/stm32cubeide/plugins/com.st.stm32cube.ide.mcu.externaltools.gnu-tools-for-stm32.10.3-2021.10.win32_1.0.0.202111181127/tools/bin/../lib/gcc/arm-none-eabi/10.3.1/../../../../arm-none-eabi/lib/thumb/v7-m/nofp\libm.a(lib_a-s_floor.o)
                0x000000000800aac8                floor
 *(.glue_7)
 .glue_7        0x000000000800abc8        0x0 linker stubs
 *(.glue_7t)
 .glue_7t       0x000000000800abc8        0x0 linker stubs
 *(.eh_frame)
 .eh_frame      0x000000000800abc8        0x0 c:/st/stm32cubeide_1.8.0/stm32cubeide/plugins/com.st.stm32cube.ide.mcu.externaltools.gnu-tools-for-stm32.10.3-2021.10.win32_1.0.0.202111181127/tools/bin/../lib/gcc/arm-none-eabi/10.3.1/thumb/v7-m/nofp/crtbegin.o
 *(.init)
 .init          0x000000000800abc8        0x4 c:/st/stm32cubeide_1.8.0/stm32cubeide/plugins/com.st.stm32cube.ide.mcu.externaltools.gnu-tools-for-stm32.10.3-2021.10.win32_1.0.0.202111181127/tools/bin/../lib/gcc/arm-none-eabi/10.3.1/thumb/v7-m/nofp/crti.o
                0x000000000800abc8                _init
 .init          0x000000000800abcc        0x8 c:/st/stm32cubeide_1.8.0/stm32cubeide/plugins/com.st.stm32cube.ide.mcu.externaltools.gnu-tools-for-stm32.10.3-2021.10.win32_1.0.0.202111181127/tools/bin/../lib/gcc/arm-none-eabi/10.3.1/thumb/v7-m/nofp/crtn.o
 *(.fini)
 .fini          0x000000000800abd4        0x4 c:/st/stm32cubeide_1.8.0/stm32cubeide/plugins/com.st.stm32cube.ide.mcu.externaltools.gnu-tools-for-stm32.10.3-2021.10.win32_1.0.0.202111181127/tools/bin/../lib/gcc/arm-none-eabi/10.3.1/thumb/v7-m/nofp/crti.o
                0x000000000800abd4                _fini
 .fini          0x000000000800abd8        0x8 c:/st/stm32cubeide_1.8.0/stm32cubeide/plugins/com.st.stm32cube.ide.mcu.externaltools.gnu-tools-for-stm32.10.3-2021.10.win32_1.0.0.202111181127/tools/bin/../lib/gcc/arm-none-eabi/10.3.1/thumb/v7-m/nofp/crtn.o
                0x000000000800abe0                . = ALIGN (0x4)
                0x000000000800abe0                _etext = .

.vfp11_veneer   0x000000000800abe0        0x0
 .vfp11_veneer  0x000000000800abe0        0x0 linker stubs

.v4_bx          0x000000000800abe0        0x0
 .v4_bx         0x000000000800abe0        0x0 linker stubs

.iplt           0x000000000800abe0        0x0
 .iplt          0x000000000800abe0        0x0 c:/st/stm32cubeide_1.8.0/stm32cubeide/plugins/com.st.stm32cube.ide.mcu.externaltools.gnu-tools-for-stm32.10.3-2021.10.win32_1.0.0.202111181127/tools/bin/../lib/gcc/arm-none-eabi/10.3.1/thumb/v7-m/nofp/crtbegin.o

.rodata         0x000000000800abe0       0x70
                0x000000000800abe0                . = ALIGN (0x4)
 *(.rodata)
 .rodata        0x000000000800abe0       0x10 ./Drivers/STM32F1xx_HAL_Driver/Src/stm32f1xx_hal_rcc.o
 .rodata        0x000000000800abf0       0x46 ./USB_DEVICE/App/usbd_desc.o
 *(.rodata*)
 *fill*         0x000000000800ac36        0x2 
 .rodata.AHBPrescTable
                0x000000000800ac38       0x10 ./Core/Src/system_stm32f1xx.o
                0x000000000800ac38                AHBPrescTable
 .rodata.APBPrescTable
                0x000000000800ac48        0x8 ./Core/Src/system_stm32f1xx.o
                0x000000000800ac48                APBPrescTable
                0x000000000800ac50                . = ALIGN (0x4)

.rel.dyn        0x000000000800ac50        0x0
 .rel.iplt      0x000000000800ac50        0x0 c:/st/stm32cubeide_1.8.0/stm32cubeide/plugins/com.st.stm32cube.ide.mcu.externaltools.gnu-tools-for-stm32.10.3-2021.10.win32_1.0.0.202111181127/tools/bin/../lib/gcc/arm-none-eabi/10.3.1/thumb/v7-m/nofp/crtbegin.o

.ARM.extab      0x000000000800ac50        0x0
                0x000000000800ac50                . = ALIGN (0x4)
 *(.ARM.extab* .gnu.linkonce.armextab.*)
                0x000000000800ac50                . = ALIGN (0x4)

.ARM            0x000000000800ac50        0x0
                0x000000000800ac50                . = ALIGN (0x4)
                0x000000000800ac50                __exidx_start = .
 *(.ARM.exidx*)
                0x000000000800ac50                __exidx_end = .
                0x000000000800ac50                . = ALIGN (0x4)

.preinit_array  0x000000000800ac50        0x0
                0x000000000800ac50                . = ALIGN (0x4)
                0x000000000800ac50                PROVIDE (__preinit_array_start = .)
 *(.preinit_array*)
                0x000000000800ac50                PROVIDE (__preinit_array_end = .)
                0x000000000800ac50                . = ALIGN (0x4)

.init_array     0x000000000800ac50        0x4
                0x000000000800ac50                . = ALIGN (0x4)
                0x000000000800ac50                PROVIDE (__init_array_start = .)
 *(SORT_BY_NAME(.init_array.*))
 *(.init_array*)
 .init_array    0x000000000800ac50        0x4 c:/st/stm32cubeide_1.8.0/stm32cubeide/plugins/com.st.stm32cube.ide.mcu.externaltools.gnu-tools-for-stm32.10.3-2021.10.win32_1.0.0.202111181127/tools/bin/../lib/gcc/arm-none-eabi/10.3.1/thumb/v7-m/nofp/crtbegin.o
                0x000000000800ac54                PROVIDE (__init_array_end = .)
                0x000000000800ac54                . = ALIGN (0x4)

.fini_array     0x000000000800ac54        0x4
                0x000000000800ac54                . = ALIGN (0x4)
                [!provide]                        PROVIDE (__fini_array_start = .)
 *(SORT_BY_NAME(.fini_array.*))
 *(.fini_array*)
 .fini_array    0x000000000800ac54        0x4 c:/st/stm32cubeide_1.8.0/stm32cubeide/plugins/com.st.stm32cube.ide.mcu.externaltools.gnu-tools-for-stm32.10.3-2021.10.win32_1.0.0.202111181127/tools/bin/../lib/gcc/arm-none-eabi/10.3.1/thumb/v7-m/nofp/crtbegin.o
                [!provide]                        PROVIDE (__fini_array_end = .)
                0x000000000800ac58                . = ALIGN (0x4)
                0x000000000800ac58                _sidata = LOADADDR (.data)

.data           0x0000000020000000      0x1fc load address 0x000000000800ac58
                0x0000000020000000                . = ALIGN (0x4)
                0x0000000020000000                _sdata = .
 *(.data)
 *(.data*)
 .data.s1       0x0000000020000000        0x7 ./Core/Src/main.o
                0x0000000020000000                s1
 *fill*         0x0000000020000007        0x1 
 .data.s2       0x0000000020000008        0x8 ./Core/Src/main.o
                0x0000000020000008                s2
 .data.s3       0x0000000020000010        0x8 ./Core/Src/main.o
                0x0000000020000010                s3
 .data.s4       0x0000000020000018        0x5 ./Core/Src/main.o
                0x0000000020000018                s4
 *fill*         0x000000002000001d        0x3 
 .data.s5       0x0000000020000020        0x5 ./Core/Src/main.o
                0x0000000020000020                s5
 *fill*         0x0000000020000025        0x3 
 .data.s6       0x0000000020000028        0x6 ./Core/Src/main.o
                0x0000000020000028                s6
 *fill*         0x000000002000002e        0x2 
 .data.s7       0x0000000020000030        0x7 ./Core/Src/main.o
                0x0000000020000030                s7
 *fill*         0x0000000020000037        0x1 
 .data.s8       0x0000000020000038        0x9 ./Core/Src/main.o
                0x0000000020000038                s8
 *fill*         0x0000000020000041        0x3 
 .data.s9       0x0000000020000044        0x4 ./Core/Src/main.o
                0x0000000020000044                s9
 .data.s10      0x0000000020000048        0xa ./Core/Src/main.o
                0x0000000020000048                s10
 *fill*         0x0000000020000052        0x2 
 .data.s11      0x0000000020000054        0x9 ./Core/Src/main.o
                0x0000000020000054                s11
 *fill*         0x000000002000005d        0x3 
 .data.s12      0x0000000020000060        0x7 ./Core/Src/main.o
                0x0000000020000060                s12
 *fill*         0x0000000020000067        0x1 
 .data.s13      0x0000000020000068        0xa ./Core/Src/main.o
                0x0000000020000068                s13
 *fill*         0x0000000020000072        0x2 
 .data.servo_angle
                0x0000000020000074        0x9 ./Core/Src/main.o
                0x0000000020000074                servo_angle
 *fill*         0x000000002000007d        0x3 
 .data.SystemCoreClock
                0x0000000020000080        0x4 ./Core/Src/system_stm32f1xx.o
                0x0000000020000080                SystemCoreClock
 .data.uwTickPrio
                0x0000000020000084        0x4 ./Drivers/STM32F1xx_HAL_Driver/Src/stm32f1xx_hal.o
                0x0000000020000084                uwTickPrio
 .data.uwTickFreq
                0x0000000020000088        0x1 ./Drivers/STM32F1xx_HAL_Driver/Src/stm32f1xx_hal.o
                0x0000000020000088                uwTickFreq
 *fill*         0x0000000020000089        0x3 
 .data.USBD_CDC_DeviceQualifierDesc
                0x000000002000008c        0xa ./Middlewares/ST/STM32_USB_Device_Library/Class/CDC/Src/usbd_cdc.o
 *fill*         0x0000000020000096        0x2 
 .data.USBD_CDC
                0x0000000020000098       0x38 ./Middlewares/ST/STM32_USB_Device_Library/Class/CDC/Src/usbd_cdc.o
                0x0000000020000098                USBD_CDC
 .data.USBD_CDC_CfgHSDesc
                0x00000000200000d0       0x43 ./Middlewares/ST/STM32_USB_Device_Library/Class/CDC/Src/usbd_cdc.o
                0x00000000200000d0                USBD_CDC_CfgHSDesc
 *fill*         0x0000000020000113        0x1 
 .data.USBD_CDC_CfgFSDesc
                0x0000000020000114       0x43 ./Middlewares/ST/STM32_USB_Device_Library/Class/CDC/Src/usbd_cdc.o
                0x0000000020000114                USBD_CDC_CfgFSDesc
 *fill*         0x0000000020000157        0x1 
 .data.USBD_CDC_OtherSpeedCfgDesc
                0x0000000020000158       0x43 ./Middlewares/ST/STM32_USB_Device_Library/Class/CDC/Src/usbd_cdc.o
                0x0000000020000158                USBD_CDC_OtherSpeedCfgDesc
 *fill*         0x000000002000019b        0x1 
 .data.USBD_Interface_fops_FS
                0x000000002000019c       0x10 ./USB_DEVICE/App/usbd_cdc_if.o
                0x000000002000019c                USBD_Interface_fops_FS
 .data.FS_Desc  0x00000000200001ac       0x1c ./USB_DEVICE/App/usbd_desc.o
                0x00000000200001ac                FS_Desc
 .data.USBD_FS_DeviceDesc
                0x00000000200001c8       0x12 ./USB_DEVICE/App/usbd_desc.o
                0x00000000200001c8                USBD_FS_DeviceDesc
 *fill*         0x00000000200001da        0x2 
 .data.USBD_LangIDDesc
                0x00000000200001dc        0x4 ./USB_DEVICE/App/usbd_desc.o
                0x00000000200001dc                USBD_LangIDDesc
 .data.USBD_StringSerial
                0x00000000200001e0       0x1a ./USB_DEVICE/App/usbd_desc.o
                0x00000000200001e0                USBD_StringSerial
 *(.RamFunc)
 *(.RamFunc*)
                0x00000000200001fc                . = ALIGN (0x4)
 *fill*         0x00000000200001fa        0x2 
                0x00000000200001fc                _edata = .

.igot.plt       0x00000000200001fc        0x0 load address 0x000000000800ae54
 .igot.plt      0x00000000200001fc        0x0 c:/st/stm32cubeide_1.8.0/stm32cubeide/plugins/com.st.stm32cube.ide.mcu.externaltools.gnu-tools-for-stm32.10.3-2021.10.win32_1.0.0.202111181127/tools/bin/../lib/gcc/arm-none-eabi/10.3.1/thumb/v7-m/nofp/crtbegin.o
                0x00000000200001fc                . = ALIGN (0x4)

.bss            0x00000000200001fc      0xb94 load address 0x000000000800ae54
                0x00000000200001fc                _sbss = .
                0x00000000200001fc                __bss_start__ = _sbss
 *(.bss)
 .bss           0x00000000200001fc       0x1c c:/st/stm32cubeide_1.8.0/stm32cubeide/plugins/com.st.stm32cube.ide.mcu.externaltools.gnu-tools-for-stm32.10.3-2021.10.win32_1.0.0.202111181127/tools/bin/../lib/gcc/arm-none-eabi/10.3.1/thumb/v7-m/nofp/crtbegin.o
 *(.bss*)
 .bss.hi2c1     0x0000000020000218       0x54 ./Core/Src/main.o
                0x0000000020000218                hi2c1
 .bss.hspi1     0x000000002000026c       0x58 ./Core/Src/main.o
                0x000000002000026c                hspi1
 .bss.countRight
                0x00000000200002c4        0x4 ./Core/Src/main.o
                0x00000000200002c4                countRight
 .bss.countLeft
                0x00000000200002c8        0x4 ./Core/Src/main.o
                0x00000000200002c8                countLeft
 .bss.TXD       0x00000000200002cc       0x15 ./Core/Src/main.o
                0x00000000200002cc                TXD
 .bss.count     0x00000000200002e1        0x1 ./Core/Src/main.o
                0x00000000200002e1                count
 *fill*         0x00000000200002e2        0x2 
 .bss.pca9685_i2c
                0x00000000200002e4        0x4 ./Core/Src/pca9685.o
                0x00000000200002e4                pca9685_i2c
 .bss.uwTick    0x00000000200002e8        0x4 ./Drivers/STM32F1xx_HAL_Driver/Src/stm32f1xx_hal.o
                0x00000000200002e8                uwTick
 .bss.cfgidx.0  0x00000000200002ec        0x1 ./Middlewares/ST/STM32_USB_Device_Library/Core/Src/usbd_ctlreq.o
 *fill*         0x00000000200002ed        0x3 
 .bss.hUsbDeviceFS
                0x00000000200002f0      0x2c4 ./USB_DEVICE/App/usb_device.o
                0x00000000200002f0                hUsbDeviceFS
 .bss.UserRxBufferFS
                0x00000000200005b4       0x40 ./USB_DEVICE/App/usbd_cdc_if.o
                0x00000000200005b4                UserRxBufferFS
 .bss.UserTxBufferFS
                0x00000000200005f4       0x40 ./USB_DEVICE/App/usbd_cdc_if.o
                0x00000000200005f4                UserTxBufferFS
 .bss.time      0x0000000020000634        0x4 ./USB_DEVICE/App/usbd_cdc_if.o
                0x0000000020000634                time
 .bss.ReceivedData
                0x0000000020000638       0x40 ./USB_DEVICE/App/usbd_cdc_if.o
                0x0000000020000638                ReceivedData
 .bss.Rxcount   0x0000000020000678        0x1 ./USB_DEVICE/App/usbd_cdc_if.o
                0x0000000020000678                Rxcount
 *fill*         0x0000000020000679        0x3 
 .bss.dataSize  0x000000002000067c        0x4 ./USB_DEVICE/App/usbd_cdc_if.o
                0x000000002000067c                dataSize
 .bss.check     0x0000000020000680        0x1 ./USB_DEVICE/App/usbd_cdc_if.o
                0x0000000020000680                check
 *fill*         0x0000000020000681        0x3 
 .bss.USBD_StrDesc
                0x0000000020000684      0x200 ./USB_DEVICE/App/usbd_desc.o
                0x0000000020000684                USBD_StrDesc
 .bss.hpcd_USB_FS
                0x0000000020000884      0x2ec ./USB_DEVICE/Target/usbd_conf.o
                0x0000000020000884                hpcd_USB_FS
 .bss.mem.0     0x0000000020000b70      0x220 ./USB_DEVICE/Target/usbd_conf.o
 *(COMMON)
                0x0000000020000d90                . = ALIGN (0x4)
                0x0000000020000d90                _ebss = .
                0x0000000020000d90                __bss_end__ = _ebss

._user_heap_stack
                0x0000000020000d90      0x600 load address 0x000000000800ae54
                0x0000000020000d90                . = ALIGN (0x8)
                [!provide]                        PROVIDE (end = .)
                0x0000000020000d90                PROVIDE (_end = .)
                0x0000000020000f90                . = (. + _Min_Heap_Size)
 *fill*         0x0000000020000d90      0x200 
                0x0000000020001390                . = (. + _Min_Stack_Size)
 *fill*         0x0000000020000f90      0x400 
                0x0000000020001390                . = ALIGN (0x8)

/DISCARD/
 libc.a(*)
 libm.a(*)
 libgcc.a(*)

.ARM.attributes
                0x0000000000000000       0x29
 *(.ARM.attributes)
 .ARM.attributes
                0x0000000000000000       0x1d c:/st/stm32cubeide_1.8.0/stm32cubeide/plugins/com.st.stm32cube.ide.mcu.externaltools.gnu-tools-for-stm32.10.3-2021.10.win32_1.0.0.202111181127/tools/bin/../lib/gcc/arm-none-eabi/10.3.1/thumb/v7-m/nofp/crti.o
 .ARM.attributes
                0x000000000000001d       0x2d c:/st/stm32cubeide_1.8.0/stm32cubeide/plugins/com.st.stm32cube.ide.mcu.externaltools.gnu-tools-for-stm32.10.3-2021.10.win32_1.0.0.202111181127/tools/bin/../lib/gcc/arm-none-eabi/10.3.1/thumb/v7-m/nofp/crtbegin.o
 .ARM.attributes
                0x000000000000004a       0x2d ./Core/Src/main.o
 .ARM.attributes
                0x0000000000000077       0x2d ./Core/Src/pca9685.o
 .ARM.attributes
                0x00000000000000a4       0x2d ./Core/Src/stm32f1xx_hal_msp.o
 .ARM.attributes
                0x00000000000000d1       0x2d ./Core/Src/stm32f1xx_it.o
 .ARM.attributes
                0x00000000000000fe       0x2d ./Core/Src/system_stm32f1xx.o
 .ARM.attributes
                0x000000000000012b       0x21 ./Core/Startup/startup_stm32f103rctx.o
 .ARM.attributes
                0x000000000000014c       0x2d ./Drivers/STM32F1xx_HAL_Driver/Src/stm32f1xx_hal.o
 .ARM.attributes
                0x0000000000000179       0x2d ./Drivers/STM32F1xx_HAL_Driver/Src/stm32f1xx_hal_cortex.o
 .ARM.attributes
                0x00000000000001a6       0x2d ./Drivers/STM32F1xx_HAL_Driver/Src/stm32f1xx_hal_gpio.o
 .ARM.attributes
                0x00000000000001d3       0x2d ./Drivers/STM32F1xx_HAL_Driver/Src/stm32f1xx_hal_i2c.o
 .ARM.attributes
                0x0000000000000200       0x2d ./Drivers/STM32F1xx_HAL_Driver/Src/stm32f1xx_hal_pcd.o
 .ARM.attributes
                0x000000000000022d       0x2d ./Drivers/STM32F1xx_HAL_Driver/Src/stm32f1xx_hal_pcd_ex.o
 .ARM.attributes
                0x000000000000025a       0x2d ./Drivers/STM32F1xx_HAL_Driver/Src/stm32f1xx_hal_rcc.o
 .ARM.attributes
                0x0000000000000287       0x2d ./Drivers/STM32F1xx_HAL_Driver/Src/stm32f1xx_hal_rcc_ex.o
 .ARM.attributes
                0x00000000000002b4       0x2d ./Drivers/STM32F1xx_HAL_Driver/Src/stm32f1xx_hal_spi.o
 .ARM.attributes
                0x00000000000002e1       0x2d ./Drivers/STM32F1xx_HAL_Driver/Src/stm32f1xx_ll_usb.o
 .ARM.attributes
                0x000000000000030e       0x2d ./Middlewares/ST/STM32_USB_Device_Library/Class/CDC/Src/usbd_cdc.o
 .ARM.attributes
                0x000000000000033b       0x2d ./Middlewares/ST/STM32_USB_Device_Library/Core/Src/usbd_core.o
 .ARM.attributes
                0x0000000000000368       0x2d ./Middlewares/ST/STM32_USB_Device_Library/Core/Src/usbd_ctlreq.o
 .ARM.attributes
                0x0000000000000395       0x2d ./Middlewares/ST/STM32_USB_Device_Library/Core/Src/usbd_ioreq.o
 .ARM.attributes
                0x00000000000003c2       0x2d ./USB_DEVICE/App/usb_device.o
 .ARM.attributes
                0x00000000000003ef       0x2d ./USB_DEVICE/App/usbd_cdc_if.o
 .ARM.attributes
                0x000000000000041c       0x2d ./USB_DEVICE/App/usbd_desc.o
 .ARM.attributes
                0x0000000000000449       0x2d ./USB_DEVICE/Target/usbd_conf.o
 .ARM.attributes
                0x0000000000000476       0x2d c:/st/stm32cubeide_1.8.0/stm32cubeide/plugins/com.st.stm32cube.ide.mcu.externaltools.gnu-tools-for-stm32.10.3-2021.10.win32_1.0.0.202111181127/tools/bin/../lib/gcc/arm-none-eabi/10.3.1/../../../../arm-none-eabi/lib/thumb/v7-m/nofp\libc_nano.a(lib_a-init.o)
 .ARM.attributes
                0x00000000000004a3       0x2d c:/st/stm32cubeide_1.8.0/stm32cubeide/plugins/com.st.stm32cube.ide.mcu.externaltools.gnu-tools-for-stm32.10.3-2021.10.win32_1.0.0.202111181127/tools/bin/../lib/gcc/arm-none-eabi/10.3.1/../../../../arm-none-eabi/lib/thumb/v7-m/nofp\libc_nano.a(lib_a-memset.o)
 .ARM.attributes
                0x00000000000004d0       0x1b c:/st/stm32cubeide_1.8.0/stm32cubeide/plugins/com.st.stm32cube.ide.mcu.externaltools.gnu-tools-for-stm32.10.3-2021.10.win32_1.0.0.202111181127/tools/bin/../lib/gcc/arm-none-eabi/10.3.1/../../../../arm-none-eabi/lib/thumb/v7-m/nofp\libc_nano.a(lib_a-strcmp.o)
 .ARM.attributes
                0x00000000000004eb       0x17 c:/st/stm32cubeide_1.8.0/stm32cubeide/plugins/com.st.stm32cube.ide.mcu.externaltools.gnu-tools-for-stm32.10.3-2021.10.win32_1.0.0.202111181127/tools/bin/../lib/gcc/arm-none-eabi/10.3.1/../../../../arm-none-eabi/lib/thumb/v7-m/nofp\libc_nano.a(lib_a-strlen.o)
 .ARM.attributes
                0x0000000000000502       0x2d c:/st/stm32cubeide_1.8.0/stm32cubeide/plugins/com.st.stm32cube.ide.mcu.externaltools.gnu-tools-for-stm32.10.3-2021.10.win32_1.0.0.202111181127/tools/bin/../lib/gcc/arm-none-eabi/10.3.1/../../../../arm-none-eabi/lib/thumb/v7-m/nofp\libm.a(lib_a-s_floor.o)
 .ARM.attributes
                0x000000000000052f       0x1d c:/st/stm32cubeide_1.8.0/stm32cubeide/plugins/com.st.stm32cube.ide.mcu.externaltools.gnu-tools-for-stm32.10.3-2021.10.win32_1.0.0.202111181127/tools/bin/../lib/gcc/arm-none-eabi/10.3.1/thumb/v7-m/nofp\libgcc.a(_arm_addsubdf3.o)
 .ARM.attributes
                0x000000000000054c       0x1d c:/st/stm32cubeide_1.8.0/stm32cubeide/plugins/com.st.stm32cube.ide.mcu.externaltools.gnu-tools-for-stm32.10.3-2021.10.win32_1.0.0.202111181127/tools/bin/../lib/gcc/arm-none-eabi/10.3.1/thumb/v7-m/nofp\libgcc.a(_arm_muldivdf3.o)
 .ARM.attributes
                0x0000000000000569       0x1d c:/st/stm32cubeide_1.8.0/stm32cubeide/plugins/com.st.stm32cube.ide.mcu.externaltools.gnu-tools-for-stm32.10.3-2021.10.win32_1.0.0.202111181127/tools/bin/../lib/gcc/arm-none-eabi/10.3.1/thumb/v7-m/nofp\libgcc.a(_arm_cmpdf2.o)
 .ARM.attributes
                0x0000000000000586       0x1d c:/st/stm32cubeide_1.8.0/stm32cubeide/plugins/com.st.stm32cube.ide.mcu.externaltools.gnu-tools-for-stm32.10.3-2021.10.win32_1.0.0.202111181127/tools/bin/../lib/gcc/arm-none-eabi/10.3.1/thumb/v7-m/nofp\libgcc.a(_arm_fixunsdfsi.o)
 .ARM.attributes
                0x00000000000005a3       0x1d c:/st/stm32cubeide_1.8.0/stm32cubeide/plugins/com.st.stm32cube.ide.mcu.externaltools.gnu-tools-for-stm32.10.3-2021.10.win32_1.0.0.202111181127/tools/bin/../lib/gcc/arm-none-eabi/10.3.1/thumb/v7-m/nofp\libgcc.a(_arm_truncdfsf2.o)
 .ARM.attributes
                0x00000000000005c0       0x1d c:/st/stm32cubeide_1.8.0/stm32cubeide/plugins/com.st.stm32cube.ide.mcu.externaltools.gnu-tools-for-stm32.10.3-2021.10.win32_1.0.0.202111181127/tools/bin/../lib/gcc/arm-none-eabi/10.3.1/thumb/v7-m/nofp\libgcc.a(_arm_addsubsf3.o)
 .ARM.attributes
                0x00000000000005dd       0x1d c:/st/stm32cubeide_1.8.0/stm32cubeide/plugins/com.st.stm32cube.ide.mcu.externaltools.gnu-tools-for-stm32.10.3-2021.10.win32_1.0.0.202111181127/tools/bin/../lib/gcc/arm-none-eabi/10.3.1/thumb/v7-m/nofp\libgcc.a(_arm_cmpsf2.o)
 .ARM.attributes
                0x00000000000005fa       0x1d c:/st/stm32cubeide_1.8.0/stm32cubeide/plugins/com.st.stm32cube.ide.mcu.externaltools.gnu-tools-for-stm32.10.3-2021.10.win32_1.0.0.202111181127/tools/bin/../lib/gcc/arm-none-eabi/10.3.1/thumb/v7-m/nofp\libgcc.a(_arm_fixunssfsi.o)
 .ARM.attributes
                0x0000000000000617       0x1d c:/st/stm32cubeide_1.8.0/stm32cubeide/plugins/com.st.stm32cube.ide.mcu.externaltools.gnu-tools-for-stm32.10.3-2021.10.win32_1.0.0.202111181127/tools/bin/../lib/gcc/arm-none-eabi/10.3.1/thumb/v7-m/nofp/crtn.o
OUTPUT(KLTN.elf elf32-littlearm)
LOAD linker stubs
LOAD c:/st/stm32cubeide_1.8.0/stm32cubeide/plugins/com.st.stm32cube.ide.mcu.externaltools.gnu-tools-for-stm32.10.3-2021.10.win32_1.0.0.202111181127/tools/bin/../lib/gcc/arm-none-eabi/10.3.1/../../../../arm-none-eabi/lib/thumb/v7-m/nofp\libc.a
LOAD c:/st/stm32cubeide_1.8.0/stm32cubeide/plugins/com.st.stm32cube.ide.mcu.externaltools.gnu-tools-for-stm32.10.3-2021.10.win32_1.0.0.202111181127/tools/bin/../lib/gcc/arm-none-eabi/10.3.1/../../../../arm-none-eabi/lib/thumb/v7-m/nofp\libm.a
LOAD c:/st/stm32cubeide_1.8.0/stm32cubeide/plugins/com.st.stm32cube.ide.mcu.externaltools.gnu-tools-for-stm32.10.3-2021.10.win32_1.0.0.202111181127/tools/bin/../lib/gcc/arm-none-eabi/10.3.1/thumb/v7-m/nofp\libgcc.a

.debug_info     0x0000000000000000    0x12656
 .debug_info    0x0000000000000000     0x13c5 ./Core/Src/main.o
 .debug_info    0x00000000000013c5      0x9da ./Core/Src/pca9685.o
 .debug_info    0x0000000000001d9f      0xbd0 ./Core/Src/stm32f1xx_hal_msp.o
 .debug_info    0x000000000000296f      0x661 ./Core/Src/stm32f1xx_it.o
 .debug_info    0x0000000000002fd0      0x23d ./Core/Src/system_stm32f1xx.o
 .debug_info    0x000000000000320d       0x22 ./Core/Startup/startup_stm32f103rctx.o
 .debug_info    0x000000000000322f      0x79a ./Drivers/STM32F1xx_HAL_Driver/Src/stm32f1xx_hal.o
 .debug_info    0x00000000000039c9      0xb86 ./Drivers/STM32F1xx_HAL_Driver/Src/stm32f1xx_hal_cortex.o
 .debug_info    0x000000000000454f      0x615 ./Drivers/STM32F1xx_HAL_Driver/Src/stm32f1xx_hal_gpio.o
 .debug_info    0x0000000000004b64     0x2734 ./Drivers/STM32F1xx_HAL_Driver/Src/stm32f1xx_hal_i2c.o
 .debug_info    0x0000000000007298     0x16ab ./Drivers/STM32F1xx_HAL_Driver/Src/stm32f1xx_hal_pcd.o
 .debug_info    0x0000000000008943      0x728 ./Drivers/STM32F1xx_HAL_Driver/Src/stm32f1xx_hal_pcd_ex.o
 .debug_info    0x000000000000906b      0x860 ./Drivers/STM32F1xx_HAL_Driver/Src/stm32f1xx_hal_rcc.o
 .debug_info    0x00000000000098cb      0x409 ./Drivers/STM32F1xx_HAL_Driver/Src/stm32f1xx_hal_rcc_ex.o
 .debug_info    0x0000000000009cd4     0x1666 ./Drivers/STM32F1xx_HAL_Driver/Src/stm32f1xx_hal_spi.o
 .debug_info    0x000000000000b33a     0x190d ./Drivers/STM32F1xx_HAL_Driver/Src/stm32f1xx_ll_usb.o
 .debug_info    0x000000000000cc47     0x10f1 ./Middlewares/ST/STM32_USB_Device_Library/Class/CDC/Src/usbd_cdc.o
 .debug_info    0x000000000000dd38      0xb02 ./Middlewares/ST/STM32_USB_Device_Library/Core/Src/usbd_core.o
 .debug_info    0x000000000000e83a      0x9b6 ./Middlewares/ST/STM32_USB_Device_Library/Core/Src/usbd_ctlreq.o
 .debug_info    0x000000000000f1f0      0x715 ./Middlewares/ST/STM32_USB_Device_Library/Core/Src/usbd_ioreq.o
 .debug_info    0x000000000000f905      0x679 ./USB_DEVICE/App/usb_device.o
 .debug_info    0x000000000000ff7e      0x8b6 ./USB_DEVICE/App/usbd_cdc_if.o
 .debug_info    0x0000000000010834      0x484 ./USB_DEVICE/App/usbd_desc.o
 .debug_info    0x0000000000010cb8     0x199e ./USB_DEVICE/Target/usbd_conf.o

.debug_abbrev   0x0000000000000000     0x30b5
 .debug_abbrev  0x0000000000000000      0x2f9 ./Core/Src/main.o
 .debug_abbrev  0x00000000000002f9      0x1c1 ./Core/Src/pca9685.o
 .debug_abbrev  0x00000000000004ba      0x194 ./Core/Src/stm32f1xx_hal_msp.o
 .debug_abbrev  0x000000000000064e      0x188 ./Core/Src/stm32f1xx_it.o
 .debug_abbrev  0x00000000000007d6      0x13b ./Core/Src/system_stm32f1xx.o
 .debug_abbrev  0x0000000000000911       0x12 ./Core/Startup/startup_stm32f103rctx.o
 .debug_abbrev  0x0000000000000923      0x1fb ./Drivers/STM32F1xx_HAL_Driver/Src/stm32f1xx_hal.o
 .debug_abbrev  0x0000000000000b1e      0x2ed ./Drivers/STM32F1xx_HAL_Driver/Src/stm32f1xx_hal_cortex.o
 .debug_abbrev  0x0000000000000e0b      0x1bb ./Drivers/STM32F1xx_HAL_Driver/Src/stm32f1xx_hal_gpio.o
 .debug_abbrev  0x0000000000000fc6      0x288 ./Drivers/STM32F1xx_HAL_Driver/Src/stm32f1xx_hal_i2c.o
 .debug_abbrev  0x000000000000124e      0x2b9 ./Drivers/STM32F1xx_HAL_Driver/Src/stm32f1xx_hal_pcd.o
 .debug_abbrev  0x0000000000001507      0x17f ./Drivers/STM32F1xx_HAL_Driver/Src/stm32f1xx_hal_pcd_ex.o
 .debug_abbrev  0x0000000000001686      0x2a8 ./Drivers/STM32F1xx_HAL_Driver/Src/stm32f1xx_hal_rcc.o
 .debug_abbrev  0x000000000000192e      0x182 ./Drivers/STM32F1xx_HAL_Driver/Src/stm32f1xx_hal_rcc_ex.o
 .debug_abbrev  0x0000000000001ab0      0x26e ./Drivers/STM32F1xx_HAL_Driver/Src/stm32f1xx_hal_spi.o
 .debug_abbrev  0x0000000000001d1e      0x1cd ./Drivers/STM32F1xx_HAL_Driver/Src/stm32f1xx_ll_usb.o
 .debug_abbrev  0x0000000000001eeb      0x2c0 ./Middlewares/ST/STM32_USB_Device_Library/Class/CDC/Src/usbd_cdc.o
 .debug_abbrev  0x00000000000021ab      0x236 ./Middlewares/ST/STM32_USB_Device_Library/Core/Src/usbd_core.o
 .debug_abbrev  0x00000000000023e1      0x257 ./Middlewares/ST/STM32_USB_Device_Library/Core/Src/usbd_ctlreq.o
 .debug_abbrev  0x0000000000002638      0x183 ./Middlewares/ST/STM32_USB_Device_Library/Core/Src/usbd_ioreq.o
 .debug_abbrev  0x00000000000027bb      0x183 ./USB_DEVICE/App/usb_device.o
 .debug_abbrev  0x000000000000293e      0x278 ./USB_DEVICE/App/usbd_cdc_if.o
 .debug_abbrev  0x0000000000002bb6      0x1fa ./USB_DEVICE/App/usbd_desc.o
 .debug_abbrev  0x0000000000002db0      0x305 ./USB_DEVICE/Target/usbd_conf.o

.debug_aranges  0x0000000000000000     0x1008
 .debug_aranges
                0x0000000000000000       0xd8 ./Core/Src/main.o
 .debug_aranges
                0x00000000000000d8       0x78 ./Core/Src/pca9685.o
 .debug_aranges
                0x0000000000000150       0x40 ./Core/Src/stm32f1xx_hal_msp.o
 .debug_aranges
                0x0000000000000190       0x68 ./Core/Src/stm32f1xx_it.o
 .debug_aranges
                0x00000000000001f8       0x28 ./Core/Src/system_stm32f1xx.o
 .debug_aranges
                0x0000000000000220       0x28 ./Core/Startup/startup_stm32f103rctx.o
 .debug_aranges
                0x0000000000000248       0xe0 ./Drivers/STM32F1xx_HAL_Driver/Src/stm32f1xx_hal.o
 .debug_aranges
                0x0000000000000328      0x100 ./Drivers/STM32F1xx_HAL_Driver/Src/stm32f1xx_hal_cortex.o
 .debug_aranges
                0x0000000000000428       0x58 ./Drivers/STM32F1xx_HAL_Driver/Src/stm32f1xx_hal_gpio.o
 .debug_aranges
                0x0000000000000480      0x2a0 ./Drivers/STM32F1xx_HAL_Driver/Src/stm32f1xx_hal_i2c.o
 .debug_aranges
                0x0000000000000720      0x138 ./Drivers/STM32F1xx_HAL_Driver/Src/stm32f1xx_hal_pcd.o
 .debug_aranges
                0x0000000000000858       0x38 ./Drivers/STM32F1xx_HAL_Driver/Src/stm32f1xx_hal_pcd_ex.o
 .debug_aranges
                0x0000000000000890       0x90 ./Drivers/STM32F1xx_HAL_Driver/Src/stm32f1xx_hal_rcc.o
 .debug_aranges
                0x0000000000000920       0x30 ./Drivers/STM32F1xx_HAL_Driver/Src/stm32f1xx_hal_rcc_ex.o
 .debug_aranges
                0x0000000000000950      0x1d0 ./Drivers/STM32F1xx_HAL_Driver/Src/stm32f1xx_hal_spi.o
 .debug_aranges
                0x0000000000000b20       0xf0 ./Drivers/STM32F1xx_HAL_Driver/Src/stm32f1xx_ll_usb.o
 .debug_aranges
                0x0000000000000c10       0x90 ./Middlewares/ST/STM32_USB_Device_Library/Class/CDC/Src/usbd_cdc.o
 .debug_aranges
                0x0000000000000ca0       0xb8 ./Middlewares/ST/STM32_USB_Device_Library/Core/Src/usbd_core.o
 .debug_aranges
                0x0000000000000d58       0x88 ./Middlewares/ST/STM32_USB_Device_Library/Core/Src/usbd_ctlreq.o
 .debug_aranges
                0x0000000000000de0       0x50 ./Middlewares/ST/STM32_USB_Device_Library/Core/Src/usbd_ioreq.o
 .debug_aranges
                0x0000000000000e30       0x20 ./USB_DEVICE/App/usb_device.o
 .debug_aranges
                0x0000000000000e50       0x40 ./USB_DEVICE/App/usbd_cdc_if.o
 .debug_aranges
                0x0000000000000e90       0x60 ./USB_DEVICE/App/usbd_desc.o
 .debug_aranges
                0x0000000000000ef0      0x118 ./USB_DEVICE/Target/usbd_conf.o

.debug_ranges   0x0000000000000000      0xeb8
 .debug_ranges  0x0000000000000000       0xc8 ./Core/Src/main.o
 .debug_ranges  0x00000000000000c8       0x68 ./Core/Src/pca9685.o
 .debug_ranges  0x0000000000000130       0x30 ./Core/Src/stm32f1xx_hal_msp.o
 .debug_ranges  0x0000000000000160       0x58 ./Core/Src/stm32f1xx_it.o
 .debug_ranges  0x00000000000001b8       0x18 ./Core/Src/system_stm32f1xx.o
 .debug_ranges  0x00000000000001d0       0x20 ./Core/Startup/startup_stm32f103rctx.o
 .debug_ranges  0x00000000000001f0       0xd0 ./Drivers/STM32F1xx_HAL_Driver/Src/stm32f1xx_hal.o
 .debug_ranges  0x00000000000002c0       0xf0 ./Drivers/STM32F1xx_HAL_Driver/Src/stm32f1xx_hal_cortex.o
 .debug_ranges  0x00000000000003b0       0x48 ./Drivers/STM32F1xx_HAL_Driver/Src/stm32f1xx_hal_gpio.o
 .debug_ranges  0x00000000000003f8      0x2b8 ./Drivers/STM32F1xx_HAL_Driver/Src/stm32f1xx_hal_i2c.o
 .debug_ranges  0x00000000000006b0      0x128 ./Drivers/STM32F1xx_HAL_Driver/Src/stm32f1xx_hal_pcd.o
 .debug_ranges  0x00000000000007d8       0x28 ./Drivers/STM32F1xx_HAL_Driver/Src/stm32f1xx_hal_pcd_ex.o
 .debug_ranges  0x0000000000000800       0x80 ./Drivers/STM32F1xx_HAL_Driver/Src/stm32f1xx_hal_rcc.o
 .debug_ranges  0x0000000000000880       0x20 ./Drivers/STM32F1xx_HAL_Driver/Src/stm32f1xx_hal_rcc_ex.o
 .debug_ranges  0x00000000000008a0      0x1c0 ./Drivers/STM32F1xx_HAL_Driver/Src/stm32f1xx_hal_spi.o
 .debug_ranges  0x0000000000000a60       0xe0 ./Drivers/STM32F1xx_HAL_Driver/Src/stm32f1xx_ll_usb.o
 .debug_ranges  0x0000000000000b40       0x80 ./Middlewares/ST/STM32_USB_Device_Library/Class/CDC/Src/usbd_cdc.o
 .debug_ranges  0x0000000000000bc0       0xa8 ./Middlewares/ST/STM32_USB_Device_Library/Core/Src/usbd_core.o
 .debug_ranges  0x0000000000000c68       0x78 ./Middlewares/ST/STM32_USB_Device_Library/Core/Src/usbd_ctlreq.o
 .debug_ranges  0x0000000000000ce0       0x40 ./Middlewares/ST/STM32_USB_Device_Library/Core/Src/usbd_ioreq.o
 .debug_ranges  0x0000000000000d20       0x10 ./USB_DEVICE/App/usb_device.o
 .debug_ranges  0x0000000000000d30       0x30 ./USB_DEVICE/App/usbd_cdc_if.o
 .debug_ranges  0x0000000000000d60       0x50 ./USB_DEVICE/App/usbd_desc.o
 .debug_ranges  0x0000000000000db0      0x108 ./USB_DEVICE/Target/usbd_conf.o

.debug_macro    0x0000000000000000    0x1c4ea
 .debug_macro   0x0000000000000000      0x409 ./Core/Src/main.o
 .debug_macro   0x0000000000000409      0xa6c ./Core/Src/main.o
 .debug_macro   0x0000000000000e75      0x221 ./Core/Src/main.o
 .debug_macro   0x0000000000001096       0x2e ./Core/Src/main.o
 .debug_macro   0x00000000000010c4       0x22 ./Core/Src/main.o
 .debug_macro   0x00000000000010e6       0x22 ./Core/Src/main.o
 .debug_macro   0x0000000000001108       0x8e ./Core/Src/main.o
 .debug_macro   0x0000000000001196       0x51 ./Core/Src/main.o
 .debug_macro   0x00000000000011e7      0x103 ./Core/Src/main.o
 .debug_macro   0x00000000000012ea       0x6a ./Core/Src/main.o
 .debug_macro   0x0000000000001354      0x1df ./Core/Src/main.o
 .debug_macro   0x0000000000001533       0x1c ./Core/Src/main.o
 .debug_macro   0x000000000000154f       0x22 ./Core/Src/main.o
 .debug_macro   0x0000000000001571       0xbd ./Core/Src/main.o
 .debug_macro   0x000000000000162e      0xd23 ./Core/Src/main.o
 .debug_macro   0x0000000000002351     0xfd8c ./Core/Src/main.o
 .debug_macro   0x00000000000120dd       0x6d ./Core/Src/main.o
 .debug_macro   0x000000000001214a     0x3468 ./Core/Src/main.o
 .debug_macro   0x00000000000155b2      0x174 ./Core/Src/main.o
 .debug_macro   0x0000000000015726       0x5c ./Core/Src/main.o
 .debug_macro   0x0000000000015782      0x5be ./Core/Src/main.o
 .debug_macro   0x0000000000015d40      0x4d5 ./Core/Src/main.o
 .debug_macro   0x0000000000016215      0x1cb ./Core/Src/main.o
 .debug_macro   0x00000000000163e0      0x114 ./Core/Src/main.o
 .debug_macro   0x00000000000164f4      0x1ea ./Core/Src/main.o
 .debug_macro   0x00000000000166de       0x27 ./Core/Src/main.o
 .debug_macro   0x0000000000016705      0x144 ./Core/Src/main.o
 .debug_macro   0x0000000000016849      0x1bc ./Core/Src/main.o
 .debug_macro   0x0000000000016a05       0x30 ./Core/Src/main.o
 .debug_macro   0x0000000000016a35       0x3c ./Core/Src/main.o
 .debug_macro   0x0000000000016a71       0x57 ./Core/Src/main.o
 .debug_macro   0x0000000000016ac8       0x88 ./Core/Src/main.o
 .debug_macro   0x0000000000016b50      0x24f ./Core/Src/main.o
 .debug_macro   0x0000000000016d9f      0x287 ./Core/Src/main.o
 .debug_macro   0x0000000000017026      0x141 ./Core/Src/main.o
 .debug_macro   0x0000000000017167      0x217 ./Core/Src/main.o
 .debug_macro   0x000000000001737e       0x65 ./Core/Src/main.o
 .debug_macro   0x00000000000173e3      0x249 ./Core/Src/main.o
 .debug_macro   0x000000000001762c       0xb5 ./Core/Src/main.o
 .debug_macro   0x00000000000176e1       0x34 ./Core/Src/main.o
 .debug_macro   0x0000000000017715       0x52 ./Core/Src/main.o
 .debug_macro   0x0000000000017767       0x18 ./Core/Src/main.o
 .debug_macro   0x000000000001777f       0x3c ./Core/Src/main.o
 .debug_macro   0x00000000000177bb       0x34 ./Core/Src/main.o
 .debug_macro   0x00000000000177ef       0x16 ./Core/Src/main.o
 .debug_macro   0x0000000000017805       0x35 ./Core/Src/main.o
 .debug_macro   0x000000000001783a      0x341 ./Core/Src/main.o
 .debug_macro   0x0000000000017b7b       0x10 ./Core/Src/main.o
 .debug_macro   0x0000000000017b8b       0x16 ./Core/Src/main.o
 .debug_macro   0x0000000000017ba1       0x43 ./Core/Src/main.o
 .debug_macro   0x0000000000017be4       0x34 ./Core/Src/main.o
 .debug_macro   0x0000000000017c18       0x10 ./Core/Src/main.o
 .debug_macro   0x0000000000017c28       0x58 ./Core/Src/main.o
 .debug_macro   0x0000000000017c80       0x71 ./Core/Src/main.o
 .debug_macro   0x0000000000017cf1       0x1c ./Core/Src/main.o
 .debug_macro   0x0000000000017d0d      0x12a ./Core/Src/main.o
 .debug_macro   0x0000000000017e37       0x10 ./Core/Src/main.o
 .debug_macro   0x0000000000017e47       0x1c ./Core/Src/main.o
 .debug_macro   0x0000000000017e63       0x52 ./Core/Src/main.o
 .debug_macro   0x0000000000017eb5       0x22 ./Core/Src/main.o
 .debug_macro   0x0000000000017ed7       0x10 ./Core/Src/main.o
 .debug_macro   0x0000000000017ee7       0x52 ./Core/Src/main.o
 .debug_macro   0x0000000000017f39       0xd5 ./Core/Src/main.o
 .debug_macro   0x000000000001800e       0x1c ./Core/Src/main.o
 .debug_macro   0x000000000001802a       0x3d ./Core/Src/main.o
 .debug_macro   0x0000000000018067       0x16 ./Core/Src/main.o
 .debug_macro   0x000000000001807d      0x145 ./Core/Src/main.o
 .debug_macro   0x00000000000181c2       0x16 ./Core/Src/main.o
 .debug_macro   0x00000000000181d8       0x16 ./Core/Src/main.o
 .debug_macro   0x00000000000181ee       0x29 ./Core/Src/main.o
 .debug_macro   0x0000000000018217       0x16 ./Core/Src/main.o
 .debug_macro   0x000000000001822d       0x20 ./Core/Src/main.o
 .debug_macro   0x000000000001824d       0x60 ./Core/Src/main.o
 .debug_macro   0x00000000000182ad      0x1c8 ./Core/Src/main.o
 .debug_macro   0x0000000000018475       0x8f ./Core/Src/main.o
 .debug_macro   0x0000000000018504       0x10 ./Core/Src/main.o
 .debug_macro   0x0000000000018514       0x9a ./Core/Src/main.o
 .debug_macro   0x00000000000185ae      0x27f ./Core/Src/pca9685.o
 .debug_macro   0x000000000001882d      0x19b ./Core/Src/pca9685.o
 .debug_macro   0x00000000000189c8      0x1cb ./Core/Src/stm32f1xx_hal_msp.o
 .debug_macro   0x0000000000018b93      0x1d5 ./Core/Src/stm32f1xx_it.o
 .debug_macro   0x0000000000018d68      0x1bc ./Core/Src/system_stm32f1xx.o
 .debug_macro   0x0000000000018f24      0x1e0 ./Drivers/STM32F1xx_HAL_Driver/Src/stm32f1xx_hal.o
 .debug_macro   0x0000000000019104      0x1bc ./Drivers/STM32F1xx_HAL_Driver/Src/stm32f1xx_hal_cortex.o
 .debug_macro   0x00000000000192c0      0x227 ./Drivers/STM32F1xx_HAL_Driver/Src/stm32f1xx_hal_gpio.o
 .debug_macro   0x00000000000194e7      0x203 ./Drivers/STM32F1xx_HAL_Driver/Src/stm32f1xx_hal_i2c.o
 .debug_macro   0x00000000000196ea      0x1c8 ./Drivers/STM32F1xx_HAL_Driver/Src/stm32f1xx_hal_pcd.o
 .debug_macro   0x00000000000198b2      0x1bc ./Drivers/STM32F1xx_HAL_Driver/Src/stm32f1xx_hal_pcd_ex.o
 .debug_macro   0x0000000000019a6e      0x1ce ./Drivers/STM32F1xx_HAL_Driver/Src/stm32f1xx_hal_rcc.o
 .debug_macro   0x0000000000019c3c      0x1bc ./Drivers/STM32F1xx_HAL_Driver/Src/stm32f1xx_hal_rcc_ex.o
 .debug_macro   0x0000000000019df8      0x1c4 ./Drivers/STM32F1xx_HAL_Driver/Src/stm32f1xx_hal_spi.o
 .debug_macro   0x0000000000019fbc      0x1bc ./Drivers/STM32F1xx_HAL_Driver/Src/stm32f1xx_ll_usb.o
 .debug_macro   0x000000000001a178      0x3e1 ./Middlewares/ST/STM32_USB_Device_Library/Class/CDC/Src/usbd_cdc.o
 .debug_macro   0x000000000001a559       0x97 ./Middlewares/ST/STM32_USB_Device_Library/Class/CDC/Src/usbd_cdc.o