../Core/Src/main.c:126:5:main	48	static
../Core/Src/main.c:435:6:SystemClock_Config	96	static
../Core/Src/main.c:480:13:MX_I2C1_Init	8	static
../Core/Src/main.c:514:13:MX_SPI1_Init	8	static
../Core/Src/main.c:552:13:MX_GPIO_Init	40	static
../Core/Src/main.c:595:6:goRight	4	static
../Core/Src/main.c:604:6:goLeft	4	static
../Core/Src/main.c:613:6:forward	4	static
../Core/Src/main.c:622:6:back	4	static
../Core/Src/main.c:631:6:rightNeck	8	static
../Core/Src/main.c:647:6:neckUp	8	static
../Core/Src/main.c:655:6:neckDown	8	static
../Core/Src/main.c:663:6:leftNeck	8	static
../Core/Src/main.c:678:6:right_arm	16	static
../Core/Src/main.c:685:6:left_arm	16	static
../Core/Src/main.c:692:6:leftHand	8	static
../Core/Src/main.c:709:6:rightHand	8	static
../Core/Src/main.c:726:6:LRHand	8	static
../Core/Src/main.c:750:6:shakeHand	8	static
../Core/Src/main.c:762:6:hello	8	static
../Core/Src/main.c:772:6:bye	16	static
../Core/Src/main.c:785:6:stop	4	static
../Core/Src/main.c:790:6:nod	24	static
../Core/Src/main.c:809:6:Error_Handler	4	static
